Archive member included to satisfy reference by file (symbol)

.\CortexM3\ARM_GCC_541\Debug\Design01.a(MOTOR_1_IN_1.o)
                              .\CortexM3\ARM_GCC_541\Debug\main.o (MOTOR_1_IN_1_Write)
.\CortexM3\ARM_GCC_541\Debug\Design01.a(MOTOR_1_IN_2.o)
                              .\CortexM3\ARM_GCC_541\Debug\main.o (MOTOR_1_IN_2_Write)
.\CortexM3\ARM_GCC_541\Debug\Design01.a(CyLib.o)
                              .\CortexM3\ARM_GCC_541\Debug\Cm3Start.o (CyHalt)
.\CortexM3\ARM_GCC_541\Debug\Design01.a(cyPm.o)
                              .\CortexM3\ARM_GCC_541\Debug\Design01.a(CyLib.o) (CyPmReadStatus)
.\CortexM3\ARM_GCC_541\Debug\Design01.a(MOTOR_2_IN_4.o)
                              .\CortexM3\ARM_GCC_541\Debug\main.o (MOTOR_2_IN_4_Write)
.\CortexM3\ARM_GCC_541\Debug\Design01.a(MOTOR_2_IN_3.o)
                              .\CortexM3\ARM_GCC_541\Debug\main.o (MOTOR_2_IN_3_Write)
.\CortexM3\ARM_GCC_541\Debug\Design01.a(Trigger_1.o)
                              .\CortexM3\ARM_GCC_541\Debug\main.o (Trigger_1_Write)
.\CortexM3\ARM_GCC_541\Debug\Design01.a(Btn_Start.o)
                              .\CortexM3\ARM_GCC_541\Debug\main.o (Btn_Start_Write)
.\CortexM3\ARM_GCC_541\Debug\Design01.a(IR_Sensor.o)
                              .\CortexM3\ARM_GCC_541\Debug\main.o (IR_Sensor_Write)
.\CortexM3\ARM_GCC_541\Debug\Design01.a(idle_isr.o)
                              .\CortexM3\ARM_GCC_541\Debug\main.o (idle_isr_StartEx)
.\CortexM3\ARM_GCC_541\Debug\Design01.a(PWM_RGB.o)
                              .\CortexM3\ARM_GCC_541\Debug\main.o (PWM_RGB_ReadStatusRegister)
.\CortexM3\ARM_GCC_541\Debug\Design01.a(Counter_RGB.o)
                              .\CortexM3\ARM_GCC_541\Debug\main.o (Counter_RGB_ReadCapture)
.\CortexM3\ARM_GCC_541\Debug\Design01.a(Control_Reg_RGB.o)
                              .\CortexM3\ARM_GCC_541\Debug\main.o (Control_Reg_RGB_Write)
.\CortexM3\ARM_GCC_541\Debug\Design01.a(S0.o)
                              .\CortexM3\ARM_GCC_541\Debug\main.o (S0_Write)
.\CortexM3\ARM_GCC_541\Debug\Design01.a(S1.o)
                              .\CortexM3\ARM_GCC_541\Debug\main.o (S1_Write)
.\CortexM3\ARM_GCC_541\Debug\Design01.a(S2.o)
                              .\CortexM3\ARM_GCC_541\Debug\main.o (S2_Write)
.\CortexM3\ARM_GCC_541\Debug\Design01.a(S3.o)
                              .\CortexM3\ARM_GCC_541\Debug\main.o (S3_Write)
.\CortexM3\ARM_GCC_541\Debug\Design01.a(LED.o)
                              .\CortexM3\ARM_GCC_541\Debug\main.o (LED_Write)
.\CortexM3\ARM_GCC_541\Debug\Design01.a(LED_Pin.o)
                              .\CortexM3\ARM_GCC_541\Debug\main.o (LED_Pin_Write)
.\CortexM3\ARM_GCC_541\Debug\Design01.a(PWM_Motor_1.o)
                              .\CortexM3\ARM_GCC_541\Debug\main.o (PWM_Motor_1_WriteCompare)
.\CortexM3\ARM_GCC_541\Debug\Design01.a(QuadDec_Motor_1.o)
                              .\CortexM3\ARM_GCC_541\Debug\main.o (QuadDec_Motor_1_GetCounter)
.\CortexM3\ARM_GCC_541\Debug\Design01.a(PWM_Motor_2.o)
                              .\CortexM3\ARM_GCC_541\Debug\main.o (PWM_Motor_2_WriteCompare)
.\CortexM3\ARM_GCC_541\Debug\Design01.a(QuadDec_Motor_2.o)
                              .\CortexM3\ARM_GCC_541\Debug\main.o (QuadDec_Motor_2_GetCounter)
.\CortexM3\ARM_GCC_541\Debug\Design01.a(Status_Reg_Arm.o)
                              .\CortexM3\ARM_GCC_541\Debug\main.o (Status_Reg_Arm_Read)
.\CortexM3\ARM_GCC_541\Debug\Design01.a(QuadDec_Motor_1_Cnt16.o)
                              .\CortexM3\ARM_GCC_541\Debug\Design01.a(QuadDec_Motor_1.o) (QuadDec_Motor_1_Cnt16_Stop)
.\CortexM3\ARM_GCC_541\Debug\Design01.a(QuadDec_Motor_2_Cnt16.o)
                              .\CortexM3\ARM_GCC_541\Debug\Design01.a(QuadDec_Motor_2.o) (QuadDec_Motor_2_Cnt16_Stop)
.\CortexM3\ARM_GCC_541\Debug\Design01.a(PWM_Arm_Metal.o)
                              .\CortexM3\ARM_GCC_541\Debug\main.o (PWM_Arm_Metal_WriteCompare)
.\CortexM3\ARM_GCC_541\Debug\Design01.a(return_back_isr.o)
                              .\CortexM3\ARM_GCC_541\Debug\main.o (return_back_isr_StartEx)
.\CortexM3\ARM_GCC_541\Debug\Design01.a(rgb_isr.o)
                              .\CortexM3\ARM_GCC_541\Debug\main.o (rgb_isr_StartEx)
.\CortexM3\ARM_GCC_541\Debug\Design01.a(UART.o)
                              .\CortexM3\ARM_GCC_541\Debug\main.o (UART_Start)
.\CortexM3\ARM_GCC_541\Debug\Design01.a(UART_IntClock.o)
                              .\CortexM3\ARM_GCC_541\Debug\Design01.a(UART.o) (UART_IntClock_Start)
.\CortexM3\ARM_GCC_541\Debug\Design01.a(zone7_isr.o)
                              .\CortexM3\ARM_GCC_541\Debug\main.o (zone7_isr_StartEx)
.\CortexM3\ARM_GCC_541\Debug\Design01.a(zone5_isr.o)
                              .\CortexM3\ARM_GCC_541\Debug\main.o (zone5_isr_StartEx)
.\CortexM3\ARM_GCC_541\Debug\Design01.a(zone8_isr.o)
                              .\CortexM3\ARM_GCC_541\Debug\main.o (zone8_isr_StartEx)
.\CortexM3\ARM_GCC_541\Debug\Design01.a(zone6_isr.o)
[...]
Memory Configuration

Name             Origin             Length             Attributes
rom              0x00000000         0x00040000         xr
ram              0x1fff8000         0x00010000         xrw
*default*        0x00000000         0xffffffff

Linker script and memory map

LOAD d:/trc3500/psoc/psoc creator/4.4/psoc creator/import/gnu/arm/5.4.1/bin/../lib/gcc/arm-none-eabi/5.4.1/armv7-m/crti.o
LOAD d:/trc3500/psoc/psoc creator/4.4/psoc creator/import/gnu/arm/5.4.1/bin/../lib/gcc/arm-none-eabi/5.4.1/armv7-m/crtbegin.o
LOAD d:/trc3500/psoc/psoc creator/4.4/psoc creator/import/gnu/arm/5.4.1/bin/../lib/gcc/arm-none-eabi/5.4.1/../../../../arm-none-eabi/lib/armv7-m/crt0.o
START GROUP
LOAD .\CortexM3\ARM_GCC_541\Debug\main.o
LOAD .\CortexM3\ARM_GCC_541\Debug\cyfitter_cfg.o
LOAD .\CortexM3\ARM_GCC_541\Debug\cymetadata.o
LOAD .\CortexM3\ARM_GCC_541\Debug\Cm3Start.o
LOAD .\CortexM3\ARM_GCC_541\Debug\Design01.a
LOAD D:\TRC3500\PSoC\PSoC Creator\4.4\PSoC Creator\psoc\content\cycomponentlibrary\CyComponentLibrary.cylib\CortexM3\ARM_GCC_541\Debug\CyComponentLibrary.a
END GROUP
START GROUP
LOAD d:/trc3500/psoc/psoc creator/4.4/psoc creator/import/gnu/arm/5.4.1/bin/../lib/gcc/arm-none-eabi/5.4.1/armv7-m\libgcc.a
LOAD d:/trc3500/psoc/psoc creator/4.4/psoc creator/import/gnu/arm/5.4.1/bin/../lib/gcc/arm-none-eabi/5.4.1/../../../../arm-none-eabi/lib/armv7-m\libg_nano.a
LOAD d:/trc3500/psoc/psoc creator/4.4/psoc creator/import/gnu/arm/5.4.1/bin/../lib/gcc/arm-none-eabi/5.4.1/../../../../arm-none-eabi/lib/armv7-m\libc_nano.a
END GROUP
START GROUP
LOAD d:/trc3500/psoc/psoc creator/4.4/psoc creator/import/gnu/arm/5.4.1/bin/../lib/gcc/arm-none-eabi/5.4.1/armv7-m\libgcc.a
LOAD d:/trc3500/psoc/psoc creator/4.4/psoc creator/import/gnu/arm/5.4.1/bin/../lib/gcc/arm-none-eabi/5.4.1/../../../../arm-none-eabi/lib/armv7-m\libc_nano.a
END GROUP
LOAD d:/trc3500/psoc/psoc creator/4.4/psoc creator/import/gnu/arm/5.4.1/bin/../lib/gcc/arm-none-eabi/5.4.1/armv7-m/crtend.o
LOAD d:/trc3500/psoc/psoc creator/4.4/psoc creator/import/gnu/arm/5.4.1/bin/../lib/gcc/arm-none-eabi/5.4.1/armv7-m/crtn.o
START GROUP
LOAD d:/trc3500/psoc/psoc creator/4.4/psoc creator/import/gnu/arm/5.4.1/bin/../lib/gcc/arm-none-eabi/5.4.1/armv7-m\libgcc.a
LOAD d:/trc3500/psoc/psoc creator/4.4/psoc creator/import/gnu/arm/5.4.1/bin/../lib/gcc/arm-none-eabi/5.4.1/../../../../arm-none-eabi/lib/armv7-m\libc.a
LOAD d:/trc3500/psoc/psoc creator/4.4/psoc creator/import/gnu/arm/5.4.1/bin/../lib/gcc/arm-none-eabi/5.4.1/../../../../arm-none-eabi/lib/armv7-m\libnosys.a
END GROUP
                0x00000000                CY_APPL_ORIGIN = 0x0
                0x00000100                CY_FLASH_ROW_SIZE = 0x100
                0x00000020                CY_ECC_ROW_SIZE = 0x20
                0x00000000                CY_EE_IN_BTLDR = 0x0
                0x00000000                CY_APPL_LOADABLE = 0x0
                0x00000800                CY_EE_SIZE = 0x800
                0x00000001                CY_APPL_NUM = 0x1
                0x00000001                CY_APPL_MAX = 0x1
                0x00000040                CY_METADATA_SIZE = 0x40
                0x00000000                CY_APPL_LOADABLE = 0x0
                0x00000000                CY_CHECKSUM_EXCLUDE_SIZE = ALIGN (0x0, CY_FLASH_ROW_SIZE)
                [!provide]                PROVIDE (__cy_heap_start, _end)
                0x00000001                PROVIDE (__cy_region_num, ((__cy_regions_end - __cy_regions) / 0x10))
                0x20008000                PROVIDE (__cy_stack, (ORIGIN (ram) + LENGTH (ram)))
                [!provide]                PROVIDE (__cy_heap_end, (__cy_stack - 0x800))

.cybootloader   0x00000000        0x0
 *(.cybootloader)
                0x00000000                appl1_start = CY_APPL_ORIGIN?CY_APPL_ORIGIN:ALIGN (CY_FLASH_ROW_SIZE)
                0x0001ff00                appl2_start = (appl1_start + ALIGN ((((LENGTH (rom) - appl1_start) - (0x2 * CY_FLASH_ROW_SIZE)) / 0x2), CY_FLASH_ROW_SIZE))
                0x00000000                appl_start = (CY_APPL_NUM == 0x1)?appl1_start:appl2_start
                0x00000000                ecc_offset = ((appl_start / CY_FLASH_ROW_SIZE) * CY_ECC_ROW_SIZE)
                0x00000000                ee_offset = (CY_APPL_LOADABLE && ! (CY_EE_IN_BTLDR))?((CY_EE_SIZE / CY_APPL_MAX) * (CY_APPL_NUM - 0x1)):0x0
                0x00000800                ee_size = (CY_APPL_LOADABLE && ! (CY_EE_IN_BTLDR))?(CY_EE_SIZE / CY_APPL_MAX):CY_EE_SIZE
                [!provide]                PROVIDE (CY_ECC_OFFSET, ecc_offset)

.text           0x00000000     0x4fb4
 CREATE_OBJECT_SYMBOLS
                0x00000000                PROVIDE (__cy_interrupt_vector, RomVectors)
 *(.romvectors)
 .romvectors    0x00000000       0x10 .\CortexM3\ARM_GCC_541\Debug\Cm3Start.o
                0x00000000                RomVectors
                0x00000001                ASSERT ((. != __cy_interrupt_vector), No interrupt vector)
                0x00000001                ASSERT (CY_APPL_ORIGIN?(SIZEOF (.cybootloader) <= CY_APPL_ORIGIN):0x1, Wrong image location)
                0x00000010                PROVIDE (__cy_reset, Reset)
 *(.text.Reset)
 .text.Reset    0x00000010       0x18 .\CortexM3\ARM_GCC_541\Debug\Cm3Start.o
                0x00000010                Reset
                0x00000001                ASSERT ((. != __cy_reset), No reset code)
 *(.dma_init)
                0x00000001                ASSERT ((((appl_start + .) <= 0x10000) || 0x1), DMA Init must be within the first 64k of flash)
 *(.text .text.* .gnu.linkonce.t.*)
 .text          0x00000028       0x5c d:/trc3500/psoc/psoc creator/4.4/psoc creator/import/gnu/arm/5.4.1/bin/../lib/gcc/arm-none-eabi/5.4.1/armv7-m/crtbegin.o
 .text.Measure_Timer_Handler
                0x00000084       0xd0 .\CortexM3\ARM_GCC_541\Debug\main.o
                0x00000084                Measure_Timer_Handler
 .text.Idle_State
                0x00000154       0x5c .\CortexM3\ARM_GCC_541\Debug\main.o
                0x00000154                Idle_State
 .text.Color_Sensor_Handler
                0x000001b0       0x14 .\CortexM3\ARM_GCC_541\Debug\main.o
                0x000001b0                Color_Sensor_Handler
 .text.Ultrasonic_Sensor_1
                0x000001c4       0x24 .\CortexM3\ARM_GCC_541\Debug\main.o
                0x000001c4                Ultrasonic_Sensor_1
 .text.Ultrasonic_Sensor_2
                0x000001e8       0x24 .\CortexM3\ARM_GCC_541\Debug\main.o
                0x000001e8                Ultrasonic_Sensor_2
 .text.Trigger_Timer_Handler
                0x0000020c       0x28 .\CortexM3\ARM_GCC_541\Debug\main.o
                0x0000020c                Trigger_Timer_Handler
 .text.Ultrasonic_Measure
                0x00000234       0xd8 .\CortexM3\ARM_GCC_541\Debug\main.o
                0x00000234                Ultrasonic_Measure
 .text.Robot_Stop
                0x0000030c       0x38 .\CortexM3\ARM_GCC_541\Debug\main.o
                0x0000030c                Robot_Stop
 .text.Robot_Move
                0x00000344      0x1ec .\CortexM3\ARM_GCC_541\Debug\main.o
                0x00000344                Robot_Move
 .text.Robot_Turn
                0x00000530       0xe0 .\CortexM3\ARM_GCC_541\Debug\main.o
                0x00000530                Robot_Turn
 .text.Return_Back_State
                0x00000610      0x12c .\CortexM3\ARM_GCC_541\Debug\main.o
                0x00000610                Return_Back_State
 .text.Freq_Scaling
                0x0000073c       0x48 .\CortexM3\ARM_GCC_541\Debug\main.o
                0x0000073c                Freq_Scaling
 .text.RGB_Filter
                0x00000784       0x70 .\CortexM3\ARM_GCC_541\Debug\main.o
                0x00000784                RGB_Filter
 .text.RGB_Reset
                0x000007f4       0x18 .\CortexM3\ARM_GCC_541\Debug\main.o
                0x000007f4                RGB_Reset
 .text.Color_Sensor
                0x0000080c      0x1a4 .\CortexM3\ARM_GCC_541\Debug\main.o
                0x0000080c                Color_Sensor
 .text.Arm_Raise
                0x000009b0       0x2c .\CortexM3\ARM_GCC_541\Debug\main.o
                0x000009b0                Arm_Raise
 .text.Arm_Lower
                0x000009dc       0x2c .\CortexM3\ARM_GCC_541\Debug\main.o
                0x000009dc                Arm_Lower
 .text.Puck_Handling
                0x00000a08      0x11c .\CortexM3\ARM_GCC_541\Debug\main.o
                0x00000a08                Puck_Handling
 .text.Zone_5_State
                0x00000b24      0x158 .\CortexM3\ARM_GCC_541\Debug\main.o
                0x00000b24                Zone_5_State
 .text.Zone_7_State
                0x00000c7c       0xec .\CortexM3\ARM_GCC_541\Debug\main.o
                0x00000c7c                Zone_7_State
 .text.Zone_6_State
                0x00000d68      0x150 .\CortexM3\ARM_GCC_541\Debug\main.o
                0x00000d68                Zone_6_State
 .text.Zone_8_State
                0x00000eb8       0xf0 .\CortexM3\ARM_GCC_541\Debug\main.o
                0x00000eb8                Zone_8_State
 .text.main     0x00000fa8       0x84 .\CortexM3\ARM_GCC_541\Debug\main.o
                0x00000fa8                main
 .text.CyClockStartupError
                0x0000102c        0x4 .\CortexM3\ARM_GCC_541\Debug\cyfitter_cfg.o
 .text.cfg_write_bytes32
                0x00001030       0x34 .\CortexM3\ARM_GCC_541\Debug\cyfitter_cfg.o
 .text.AnalogSetDefault
                0x00001064       0x28 .\CortexM3\ARM_GCC_541\Debug\cyfitter_cfg.o
 .text.CYMEMZERO
                0x0000108c        0xc .\CortexM3\ARM_GCC_541\Debug\cyfitter_cfg.o
 .text.ClockSetup
                0x00001098       0xdc .\CortexM3\ARM_GCC_541\Debug\cyfitter_cfg.o
 .text.CYCONFIGCPY
                0x00001174        0x8 .\CortexM3\ARM_GCC_541\Debug\cyfitter_cfg.o
 .text.cyfitter_cfg
                0x0000117c      0x174 .\CortexM3\ARM_GCC_541\Debug\cyfitter_cfg.o
                0x0000117c                cyfitter_cfg
 .text.IntDefaultHandler
                0x000012f0       0x10 .\CortexM3\ARM_GCC_541\Debug\Cm3Start.o
                0x000012f0                IntDefaultHandler
 .text._sbrk    0x00001300       0x30 .\CortexM3\ARM_GCC_541\Debug\Cm3Start.o
                0x00001300                _sbrk
 .text.Start_c  0x00001330       0x4c .\CortexM3\ARM_GCC_541\Debug\Cm3Start.o
                0x00001330                Start_c
 .text.initialize_psoc
                0x0000137c       0x68 .\CortexM3\ARM_GCC_541\Debug\Cm3Start.o
                0x0000137c                initialize_psoc
 .text.MOTOR_1_IN_1_Write
                0x000013e4       0x18 .\CortexM3\ARM_GCC_541\Debug\Design01.a(MOTOR_1_IN_1.o)
                0x000013e4                MOTOR_1_IN_1_Write
 .text.MOTOR_1_IN_2_Write
                0x000013fc       0x18 .\CortexM3\ARM_GCC_541\Debug\Design01.a(MOTOR_1_IN_2.o)
                0x000013fc                MOTOR_1_IN_2_Write
 .text.CyDelay  0x00001414       0x2c .\CortexM3\ARM_GCC_541\Debug\Design01.a(CyLib.o)
                0x00001414                CyDelay
 .text.CyDelayUs
                0x00001440       0x14 .\CortexM3\ARM_GCC_541\Debug\Design01.a(CyLib.o)
                0x00001440                CyDelayUs
 .text.MOTOR_2_IN_4_Write
                0x00001454       0x18 .\CortexM3\ARM_GCC_541\Debug\Design01.a(MOTOR_2_IN_4.o)
                0x00001454                MOTOR_2_IN_4_Write
 .text.MOTOR_2_IN_3_Write
                0x0000146c       0x18 .\CortexM3\ARM_GCC_541\Debug\Design01.a(MOTOR_2_IN_3.o)
                0x0000146c                MOTOR_2_IN_3_Write
 .text.Trigger_1_Write
                0x00001484       0x18 .\CortexM3\ARM_GCC_541\Debug\Design01.a(Trigger_1.o)
                0x00001484                Trigger_1_Write
 .text.Btn_Start_Write
                0x0000149c       0x18 .\CortexM3\ARM_GCC_541\Debug\Design01.a(Btn_Start.o)
                0x0000149c                Btn_Start_Write
 .text.Btn_Start_Read
                0x000014b4       0x10 .\CortexM3\ARM_GCC_541\Debug\Design01.a(Btn_Start.o)
                0x000014b4                Btn_Start_Read
 .text.IR_Sensor_Write
                0x000014c4       0x18 .\CortexM3\ARM_GCC_541\Debug\Design01.a(IR_Sensor.o)
                0x000014c4                IR_Sensor_Write
 .text.IR_Sensor_Read
                0x000014dc       0x10 .\CortexM3\ARM_GCC_541\Debug\Design01.a(IR_Sensor.o)
                0x000014dc                IR_Sensor_Read
 .text.idle_isr_SetVector
                0x000014ec        0xc .\CortexM3\ARM_GCC_541\Debug\Design01.a(idle_isr.o)
                0x000014ec                idle_isr_SetVector
 .text.idle_isr_SetPriority
                0x000014f8       0x10 .\CortexM3\ARM_GCC_541\Debug\Design01.a(idle_isr.o)
                0x000014f8                idle_isr_SetPriority
 .text.idle_isr_Enable
                0x00001508        0xc .\CortexM3\ARM_GCC_541\Debug\Design01.a(idle_isr.o)
                0x00001508                idle_isr_Enable
 .text.idle_isr_Disable
                0x00001514        0xc .\CortexM3\ARM_GCC_541\Debug\Design01.a(idle_isr.o)
                0x00001514                idle_isr_Disable
 .text.idle_isr_StartEx
                0x00001520       0x1c .\CortexM3\ARM_GCC_541\Debug\Design01.a(idle_isr.o)
                0x00001520                idle_isr_StartEx
 .text.PWM_RGB_Enable
                0x0000153c       0x10 .\CortexM3\ARM_GCC_541\Debug\Design01.a(PWM_RGB.o)
                0x0000153c                PWM_RGB_Enable
 .text.PWM_RGB_WriteCounter
                0x0000154c        0xc .\CortexM3\ARM_GCC_541\Debug\Design01.a(PWM_RGB.o)
                0x0000154c                PWM_RGB_WriteCounter
 .text.PWM_RGB_WritePeriod
                0x00001558        0xc .\CortexM3\ARM_GCC_541\Debug\Design01.a(PWM_RGB.o)
                0x00001558                PWM_RGB_WritePeriod
 .text.PWM_RGB_WriteCompare
                0x00001564        0xc .\CortexM3\ARM_GCC_541\Debug\Design01.a(PWM_RGB.o)
                0x00001564                PWM_RGB_WriteCompare
 .text.PWM_RGB_SetInterruptMode
                0x00001570        0xc .\CortexM3\ARM_GCC_541\Debug\Design01.a(PWM_RGB.o)
                0x00001570                PWM_RGB_SetInterruptMode
 .text.PWM_RGB_ReadStatusRegister
                0x0000157c        0xc .\CortexM3\ARM_GCC_541\Debug\Design01.a(PWM_RGB.o)
                0x0000157c                PWM_RGB_ReadStatusRegister
 .text.PWM_RGB_ReadCapture
                0x00001588        0xc .\CortexM3\ARM_GCC_541\Debug\Design01.a(PWM_RGB.o)
                0x00001588                PWM_RGB_ReadCapture
 .text.PWM_RGB_ClearFIFO
                0x00001594       0x14 .\CortexM3\ARM_GCC_541\Debug\Design01.a(PWM_RGB.o)
                0x00001594                PWM_RGB_ClearFIFO
 .text.PWM_RGB_Init
                0x000015a8       0x64 .\CortexM3\ARM_GCC_541\Debug\Design01.a(PWM_RGB.o)
                0x000015a8                PWM_RGB_Init
 .text.PWM_RGB_Start
                0x0000160c       0x1c .\CortexM3\ARM_GCC_541\Debug\Design01.a(PWM_RGB.o)
                0x0000160c                PWM_RGB_Start
 .text.Counter_RGB_Enable
                0x00001628       0x10 .\CortexM3\ARM_GCC_541\Debug\Design01.a(Counter_RGB.o)
                0x00001628                Counter_RGB_Enable
 .text.Counter_RGB_SetInterruptMode
                0x00001638        0xc .\CortexM3\ARM_GCC_541\Debug\Design01.a(Counter_RGB.o)
                0x00001638                Counter_RGB_SetInterruptMode
 .text.Counter_RGB_ReadStatusRegister
                0x00001644        0xc .\CortexM3\ARM_GCC_541\Debug\Design01.a(Counter_RGB.o)
                0x00001644                Counter_RGB_ReadStatusRegister
 .text.Counter_RGB_WriteCounter
                0x00001650        0xc .\CortexM3\ARM_GCC_541\Debug\Design01.a(Counter_RGB.o)
                0x00001650                Counter_RGB_WriteCounter
 .text.Counter_RGB_ReadCapture
                0x0000165c        0xc .\CortexM3\ARM_GCC_541\Debug\Design01.a(Counter_RGB.o)
                0x0000165c                Counter_RGB_ReadCapture
 .text.Counter_RGB_WritePeriod
                0x00001668        0xc .\CortexM3\ARM_GCC_541\Debug\Design01.a(Counter_RGB.o)
                0x00001668                Counter_RGB_WritePeriod
 .text.Counter_RGB_WriteCompare
                0x00001674        0xc .\CortexM3\ARM_GCC_541\Debug\Design01.a(Counter_RGB.o)
                0x00001674                Counter_RGB_WriteCompare
 .text.Counter_RGB_ClearFIFO
                0x00001680       0x14 .\CortexM3\ARM_GCC_541\Debug\Design01.a(Counter_RGB.o)
                0x00001680                Counter_RGB_ClearFIFO
 .text.Counter_RGB_Init
                0x00001694       0x5c .\CortexM3\ARM_GCC_541\Debug\Design01.a(Counter_RGB.o)
                0x00001694                Counter_RGB_Init
 .text.Counter_RGB_Start
                0x000016f0       0x1c .\CortexM3\ARM_GCC_541\Debug\Design01.a(Counter_RGB.o)
                0x000016f0                Counter_RGB_Start
 .text.Control_Reg_RGB_Write
                0x0000170c        0xc .\CortexM3\ARM_GCC_541\Debug\Design01.a(Control_Reg_RGB.o)
                0x0000170c                Control_Reg_RGB_Write
 .text.S0_Write
                0x00001718       0x18 .\CortexM3\ARM_GCC_541\Debug\Design01.a(S0.o)
                0x00001718                S0_Write
 .text.S1_Write
                0x00001730       0x18 .\CortexM3\ARM_GCC_541\Debug\Design01.a(S1.o)
                0x00001730                S1_Write
 .text.S2_Write
                0x00001748       0x18 .\CortexM3\ARM_GCC_541\Debug\Design01.a(S2.o)
                0x00001748                S2_Write
 .text.S3_Write
                0x00001760       0x18 .\CortexM3\ARM_GCC_541\Debug\Design01.a(S3.o)
                0x00001760                S3_Write
 .text.LED_Write
                0x00001778       0x18 .\CortexM3\ARM_GCC_541\Debug\Design01.a(LED.o)
                0x00001778                LED_Write
 .text.LED_Pin_Write
                0x00001790       0x18 .\CortexM3\ARM_GCC_541\Debug\Design01.a(LED_Pin.o)
                0x00001790                LED_Pin_Write
 .text.PWM_Motor_1_Enable
                0x000017a8       0x28 .\CortexM3\ARM_GCC_541\Debug\Design01.a(PWM_Motor_1.o)
                0x000017a8                PWM_Motor_1_Enable
 .text.PWM_Motor_1_WritePeriod
                0x000017d0        0xc .\CortexM3\ARM_GCC_541\Debug\Design01.a(PWM_Motor_1.o)
                0x000017d0                PWM_Motor_1_WritePeriod
 .text.PWM_Motor_1_WriteCompare
                0x000017dc        0xc .\CortexM3\ARM_GCC_541\Debug\Design01.a(PWM_Motor_1.o)
                0x000017dc                PWM_Motor_1_WriteCompare
 .text.PWM_Motor_1_SetInterruptMode
                0x000017e8        0xc .\CortexM3\ARM_GCC_541\Debug\Design01.a(PWM_Motor_1.o)
                0x000017e8                PWM_Motor_1_SetInterruptMode
 .text.PWM_Motor_1_Init
                0x000017f4       0x78 .\CortexM3\ARM_GCC_541\Debug\Design01.a(PWM_Motor_1.o)
                0x000017f4                PWM_Motor_1_Init
 .text.PWM_Motor_1_Start
                0x0000186c       0x1c .\CortexM3\ARM_GCC_541\Debug\Design01.a(PWM_Motor_1.o)
                0x0000186c                PWM_Motor_1_Start
 .text.QuadDec_Motor_1_GetCounter
                0x00001888       0x10 .\CortexM3\ARM_GCC_541\Debug\Design01.a(QuadDec_Motor_1.o)
                0x00001888                QuadDec_Motor_1_GetCounter
 .text.QuadDec_Motor_1_SetCounter
                0x00001898       0x1c .\CortexM3\ARM_GCC_541\Debug\Design01.a(QuadDec_Motor_1.o)
                0x00001898                QuadDec_Motor_1_SetCounter
 .text.QuadDec_Motor_1_GetEvents
                0x000018b4       0x10 .\CortexM3\ARM_GCC_541\Debug\Design01.a(QuadDec_Motor_1.o)
                0x000018b4                QuadDec_Motor_1_GetEvents
 .text.QuadDec_Motor_1_SetInterruptMask
                0x000018c4        0xc .\CortexM3\ARM_GCC_541\Debug\Design01.a(QuadDec_Motor_1.o)
                0x000018c4                QuadDec_Motor_1_SetInterruptMask
 .text.QuadDec_Motor_1_Enable
                0x000018d0       0x24 .\CortexM3\ARM_GCC_541\Debug\Design01.a(QuadDec_Motor_1.o)
                0x000018d0                QuadDec_Motor_1_Enable
 .text.QuadDec_Motor_1_Start
                0x000018f4       0x24 .\CortexM3\ARM_GCC_541\Debug\Design01.a(QuadDec_Motor_1.o)
                0x000018f4                QuadDec_Motor_1_Start
 .text.PWM_Motor_2_Enable
                0x00001918       0x28 .\CortexM3\ARM_GCC_541\Debug\Design01.a(PWM_Motor_2.o)
                0x00001918                PWM_Motor_2_Enable
 .text.PWM_Motor_2_WritePeriod
                0x00001940        0xc .\CortexM3\ARM_GCC_541\Debug\Design01.a(PWM_Motor_2.o)
                0x00001940                PWM_Motor_2_WritePeriod
 .text.PWM_Motor_2_WriteCompare
                0x0000194c        0xc .\CortexM3\ARM_GCC_541\Debug\Design01.a(PWM_Motor_2.o)
                0x0000194c                PWM_Motor_2_WriteCompare
 .text.PWM_Motor_2_SetInterruptMode
                0x00001958        0xc .\CortexM3\ARM_GCC_541\Debug\Design01.a(PWM_Motor_2.o)
                0x00001958                PWM_Motor_2_SetInterruptMode
 .text.PWM_Motor_2_Init
                0x00001964       0x78 .\CortexM3\ARM_GCC_541\Debug\Design01.a(PWM_Motor_2.o)
                0x00001964                PWM_Motor_2_Init
 .text.PWM_Motor_2_Start
                0x000019dc       0x1c .\CortexM3\ARM_GCC_541\Debug\Design01.a(PWM_Motor_2.o)
                0x000019dc                PWM_Motor_2_Start
 .text.QuadDec_Motor_2_GetCounter
                0x000019f8       0x10 .\CortexM3\ARM_GCC_541\Debug\Design01.a(QuadDec_Motor_2.o)
                0x000019f8                QuadDec_Motor_2_GetCounter
 .text.QuadDec_Motor_2_SetCounter
                0x00001a08       0x1c .\CortexM3\ARM_GCC_541\Debug\Design01.a(QuadDec_Motor_2.o)
                0x00001a08                QuadDec_Motor_2_SetCounter
 .text.QuadDec_Motor_2_GetEvents
                0x00001a24       0x10 .\CortexM3\ARM_GCC_541\Debug\Design01.a(QuadDec_Motor_2.o)
                0x00001a24                QuadDec_Motor_2_GetEvents
 .text.QuadDec_Motor_2_SetInterruptMask
                0x00001a34        0xc .\CortexM3\ARM_GCC_541\Debug\Design01.a(QuadDec_Motor_2.o)
                0x00001a34                QuadDec_Motor_2_SetInterruptMask
 .text.QuadDec_Motor_2_Enable
                0x00001a40       0x24 .\CortexM3\ARM_GCC_541\Debug\Design01.a(QuadDec_Motor_2.o)
                0x00001a40                QuadDec_Motor_2_Enable
 .text.QuadDec_Motor_2_Start
                0x00001a64       0x24 .\CortexM3\ARM_GCC_541\Debug\Design01.a(QuadDec_Motor_2.o)
                0x00001a64                QuadDec_Motor_2_Start
 .text.Status_Reg_Arm_Read
                0x00001a88        0xc .\CortexM3\ARM_GCC_541\Debug\Design01.a(Status_Reg_Arm.o)
                0x00001a88                Status_Reg_Arm_Read
 .text.QuadDec_Motor_1_Cnt16_Enable
                0x00001a94       0x10 .\CortexM3\ARM_GCC_541\Debug\Design01.a(QuadDec_Motor_1_Cnt16.o)
                0x00001a94                QuadDec_Motor_1_Cnt16_Enable
 .text.QuadDec_Motor_1_Cnt16_SetInterruptMode
                0x00001aa4        0xc .\CortexM3\ARM_GCC_541\Debug\Design01.a(QuadDec_Motor_1_Cnt16.o)
                0x00001aa4                QuadDec_Motor_1_Cnt16_SetInterruptMode
 .text.QuadDec_Motor_1_Cnt16_ReadStatusRegister
                0x00001ab0        0xc .\CortexM3\ARM_GCC_541\Debug\Design01.a(QuadDec_Motor_1_Cnt16.o)
                0x00001ab0                QuadDec_Motor_1_Cnt16_ReadStatusRegister
 .text.QuadDec_Motor_1_Cnt16_WriteCounter
                0x00001abc        0xc .\CortexM3\ARM_GCC_541\Debug\Design01.a(QuadDec_Motor_1_Cnt16.o)
                0x00001abc                QuadDec_Motor_1_Cnt16_WriteCounter
 .text.QuadDec_Motor_1_Cnt16_ReadCounter
                0x00001ac8       0x14 .\CortexM3\ARM_GCC_541\Debug\Design01.a(QuadDec_Motor_1_Cnt16.o)
                0x00001ac8                QuadDec_Motor_1_Cnt16_ReadCounter
 .text.QuadDec_Motor_1_Cnt16_ReadCapture
                0x00001adc        0xc .\CortexM3\ARM_GCC_541\Debug\Design01.a(QuadDec_Motor_1_Cnt16.o)
                0x00001adc                QuadDec_Motor_1_Cnt16_ReadCapture
 .text.QuadDec_Motor_1_Cnt16_WritePeriod
                0x00001ae8        0xc .\CortexM3\ARM_GCC_541\Debug\Design01.a(QuadDec_Motor_1_Cnt16.o)
                0x00001ae8                QuadDec_Motor_1_Cnt16_WritePeriod
 .text.QuadDec_Motor_1_Cnt16_WriteCompare
                0x00001af4        0xc .\CortexM3\ARM_GCC_541\Debug\Design01.a(QuadDec_Motor_1_Cnt16.o)
                0x00001af4                QuadDec_Motor_1_Cnt16_WriteCompare
 .text.QuadDec_Motor_1_Cnt16_ClearFIFO
                0x00001b00       0x14 .\CortexM3\ARM_GCC_541\Debug\Design01.a(QuadDec_Motor_1_Cnt16.o)
                0x00001b00                QuadDec_Motor_1_Cnt16_ClearFIFO
 .text.QuadDec_Motor_1_Cnt16_Init
                0x00001b14       0x58 .\CortexM3\ARM_GCC_541\Debug\Design01.a(QuadDec_Motor_1_Cnt16.o)
                0x00001b14                QuadDec_Motor_1_Cnt16_Init
 .text.QuadDec_Motor_1_Cnt16_Start
                0x00001b6c       0x1c .\CortexM3\ARM_GCC_541\Debug\Design01.a(QuadDec_Motor_1_Cnt16.o)
                0x00001b6c                QuadDec_Motor_1_Cnt16_Start
 .text.QuadDec_Motor_2_Cnt16_Enable
                0x00001b88       0x10 .\CortexM3\ARM_GCC_541\Debug\Design01.a(QuadDec_Motor_2_Cnt16.o)
                0x00001b88                QuadDec_Motor_2_Cnt16_Enable
 .text.QuadDec_Motor_2_Cnt16_SetInterruptMode
                0x00001b98        0xc .\CortexM3\ARM_GCC_541\Debug\Design01.a(QuadDec_Motor_2_Cnt16.o)
                0x00001b98                QuadDec_Motor_2_Cnt16_SetInterruptMode
 .text.QuadDec_Motor_2_Cnt16_ReadStatusRegister
                0x00001ba4        0xc .\CortexM3\ARM_GCC_541\Debug\Design01.a(QuadDec_Motor_2_Cnt16.o)
                0x00001ba4                QuadDec_Motor_2_Cnt16_ReadStatusRegister
 .text.QuadDec_Motor_2_Cnt16_WriteCounter
                0x00001bb0        0xc .\CortexM3\ARM_GCC_541\Debug\Design01.a(QuadDec_Motor_2_Cnt16.o)
                0x00001bb0                QuadDec_Motor_2_Cnt16_WriteCounter
 .text.QuadDec_Motor_2_Cnt16_ReadCounter
                0x00001bbc       0x14 .\CortexM3\ARM_GCC_541\Debug\Design01.a(QuadDec_Motor_2_Cnt16.o)
                0x00001bbc                QuadDec_Motor_2_Cnt16_ReadCounter
 .text.QuadDec_Motor_2_Cnt16_ReadCapture
                0x00001bd0        0xc .\CortexM3\ARM_GCC_541\Debug\Design01.a(QuadDec_Motor_2_Cnt16.o)
                0x00001bd0                QuadDec_Motor_2_Cnt16_ReadCapture
 .text.QuadDec_Motor_2_Cnt16_WritePeriod
                0x00001bdc        0xc .\CortexM3\ARM_GCC_541\Debug\Design01.a(QuadDec_Motor_2_Cnt16.o)
                0x00001bdc                QuadDec_Motor_2_Cnt16_WritePeriod
 .text.QuadDec_Motor_2_Cnt16_WriteCompare
                0x00001be8        0xc .\CortexM3\ARM_GCC_541\Debug\Design01.a(QuadDec_Motor_2_Cnt16.o)
                0x00001be8                QuadDec_Motor_2_Cnt16_WriteCompare
 .text.QuadDec_Motor_2_Cnt16_ClearFIFO
                0x00001bf4       0x14 .\CortexM3\ARM_GCC_541\Debug\Design01.a(QuadDec_Motor_2_Cnt16.o)
                0x00001bf4                QuadDec_Motor_2_Cnt16_ClearFIFO
 .text.QuadDec_Motor_2_Cnt16_Init
                0x00001c08       0x58 .\CortexM3\ARM_GCC_541\Debug\Design01.a(QuadDec_Motor_2_Cnt16.o)
                0x00001c08                QuadDec_Motor_2_Cnt16_Init
 .text.QuadDec_Motor_2_Cnt16_Start
                0x00001c60       0x1c .\CortexM3\ARM_GCC_541\Debug\Design01.a(QuadDec_Motor_2_Cnt16.o)
                0x00001c60                QuadDec_Motor_2_Cnt16_Start
 .text.PWM_Arm_Metal_Enable
                0x00001c7c       0x10 .\CortexM3\ARM_GCC_541\Debug\Design01.a(PWM_Arm_Metal.o)
                0x00001c7c                PWM_Arm_Metal_Enable
 .text.PWM_Arm_Metal_WriteCounter
                0x00001c8c        0xc .\CortexM3\ARM_GCC_541\Debug\Design01.a(PWM_Arm_Metal.o)
                0x00001c8c                PWM_Arm_Metal_WriteCounter
 .text.PWM_Arm_Metal_WritePeriod
                0x00001c98        0xc .\CortexM3\ARM_GCC_541\Debug\Design01.a(PWM_Arm_Metal.o)
                0x00001c98                PWM_Arm_Metal_WritePeriod
 .text.PWM_Arm_Metal_WriteCompare
                0x00001ca4        0xc .\CortexM3\ARM_GCC_541\Debug\Design01.a(PWM_Arm_Metal.o)
                0x00001ca4                PWM_Arm_Metal_WriteCompare
 .text.PWM_Arm_Metal_SetInterruptMode
                0x00001cb0        0xc .\CortexM3\ARM_GCC_541\Debug\Design01.a(PWM_Arm_Metal.o)
                0x00001cb0                PWM_Arm_Metal_SetInterruptMode
 .text.PWM_Arm_Metal_ReadStatusRegister
                0x00001cbc        0xc .\CortexM3\ARM_GCC_541\Debug\Design01.a(PWM_Arm_Metal.o)
                0x00001cbc                PWM_Arm_Metal_ReadStatusRegister
 .text.PWM_Arm_Metal_ReadCapture
                0x00001cc8        0xc .\CortexM3\ARM_GCC_541\Debug\Design01.a(PWM_Arm_Metal.o)
                0x00001cc8                PWM_Arm_Metal_ReadCapture
 .text.PWM_Arm_Metal_ClearFIFO
                0x00001cd4       0x14 .\CortexM3\ARM_GCC_541\Debug\Design01.a(PWM_Arm_Metal.o)
                0x00001cd4                PWM_Arm_Metal_ClearFIFO
 .text.PWM_Arm_Metal_Init
                0x00001ce8       0x64 .\CortexM3\ARM_GCC_541\Debug\Design01.a(PWM_Arm_Metal.o)
                0x00001ce8                PWM_Arm_Metal_Init
 .text.PWM_Arm_Metal_Start
                0x00001d4c       0x1c .\CortexM3\ARM_GCC_541\Debug\Design01.a(PWM_Arm_Metal.o)
                0x00001d4c                PWM_Arm_Metal_Start
 .text.return_back_isr_SetVector
                0x00001d68        0xc .\CortexM3\ARM_GCC_541\Debug\Design01.a(return_back_isr.o)
                0x00001d68                return_back_isr_SetVector
 .text.return_back_isr_SetPriority
                0x00001d74       0x10 .\CortexM3\ARM_GCC_541\Debug\Design01.a(return_back_isr.o)
                0x00001d74                return_back_isr_SetPriority
 .text.return_back_isr_Enable
                0x00001d84        0xc .\CortexM3\ARM_GCC_541\Debug\Design01.a(return_back_isr.o)
                0x00001d84                return_back_isr_Enable
 .text.return_back_isr_Disable
                0x00001d90        0xc .\CortexM3\ARM_GCC_541\Debug\Design01.a(return_back_isr.o)
                0x00001d90                return_back_isr_Disable
 .text.return_back_isr_StartEx
                0x00001d9c       0x1c .\CortexM3\ARM_GCC_541\Debug\Design01.a(return_back_isr.o)
                0x00001d9c                return_back_isr_StartEx
 .text.rgb_isr_SetVector
                0x00001db8        0xc .\CortexM3\ARM_GCC_541\Debug\Design01.a(rgb_isr.o)
                0x00001db8                rgb_isr_SetVector
 .text.rgb_isr_SetPriority
                0x00001dc4       0x10 .\CortexM3\ARM_GCC_541\Debug\Design01.a(rgb_isr.o)
                0x00001dc4                rgb_isr_SetPriority
 .text.rgb_isr_Enable
                0x00001dd4        0xc .\CortexM3\ARM_GCC_541\Debug\Design01.a(rgb_isr.o)
                0x00001dd4                rgb_isr_Enable
 .text.rgb_isr_Disable
                0x00001de0        0xc .\CortexM3\ARM_GCC_541\Debug\Design01.a(rgb_isr.o)
                0x00001de0                rgb_isr_Disable
 .text.rgb_isr_StartEx
                0x00001dec       0x1c .\CortexM3\ARM_GCC_541\Debug\Design01.a(rgb_isr.o)
                0x00001dec                rgb_isr_StartEx
 .text.UART_Init
                0x00001e08       0x28 .\CortexM3\ARM_GCC_541\Debug\Design01.a(UART.o)
                0x00001e08                UART_Init
 .text.UART_Enable
                0x00001e30       0x38 .\CortexM3\ARM_GCC_541\Debug\Design01.a(UART.o)
                0x00001e30                UART_Enable
 .text.UART_Start
                0x00001e68       0x1c .\CortexM3\ARM_GCC_541\Debug\Design01.a(UART.o)
                0x00001e68                UART_Start
 .text.UART_PutChar
                0x00001e84       0x18 .\CortexM3\ARM_GCC_541\Debug\Design01.a(UART.o)
                0x00001e84                UART_PutChar
 .text.UART_PutString
                0x00001e9c       0x24 .\CortexM3\ARM_GCC_541\Debug\Design01.a(UART.o)
                0x00001e9c                UART_PutString
 .text.UART_IntClock_Start
                0x00001ec0       0x1c .\CortexM3\ARM_GCC_541\Debug\Design01.a(UART_IntClock.o)
                0x00001ec0                UART_IntClock_Start
 .text.zone7_isr_SetVector
                0x00001edc        0xc .\CortexM3\ARM_GCC_541\Debug\Design01.a(zone7_isr.o)
                0x00001edc                zone7_isr_SetVector
 .text.zone7_isr_SetPriority
                0x00001ee8       0x10 .\CortexM3\ARM_GCC_541\Debug\Design01.a(zone7_isr.o)
                0x00001ee8                zone7_isr_SetPriority
 .text.zone7_isr_Enable
                0x00001ef8        0xc .\CortexM3\ARM_GCC_541\Debug\Design01.a(zone7_isr.o)
                0x00001ef8                zone7_isr_Enable
 .text.zone7_isr_Disable
                0x00001f04        0xc .\CortexM3\ARM_GCC_541\Debug\Design01.a(zone7_isr.o)
                0x00001f04                zone7_isr_Disable
 .text.zone7_isr_StartEx
                0x00001f10       0x1c .\CortexM3\ARM_GCC_541\Debug\Design01.a(zone7_isr.o)
                0x00001f10                zone7_isr_StartEx
 .text.zone5_isr_SetVector
                0x00001f2c        0xc .\CortexM3\ARM_GCC_541\Debug\Design01.a(zone5_isr.o)
                0x00001f2c                zone5_isr_SetVector
 .text.zone5_isr_SetPriority
                0x00001f38       0x10 .\CortexM3\ARM_GCC_541\Debug\Design01.a(zone5_isr.o)
                0x00001f38                zone5_isr_SetPriority
 .text.zone5_isr_Enable
                0x00001f48        0xc .\CortexM3\ARM_GCC_541\Debug\Design01.a(zone5_isr.o)
                0x00001f48                zone5_isr_Enable
 .text.zone5_isr_Disable
                0x00001f54        0xc .\CortexM3\ARM_GCC_541\Debug\Design01.a(zone5_isr.o)
                0x00001f54                zone5_isr_Disable
 .text.zone5_isr_StartEx
                0x00001f60       0x1c .\CortexM3\ARM_GCC_541\Debug\Design01.a(zone5_isr.o)
                0x00001f60                zone5_isr_StartEx
 .text.zone8_isr_SetVector
                0x00001f7c        0xc .\CortexM3\ARM_GCC_541\Debug\Design01.a(zone8_isr.o)
                0x00001f7c                zone8_isr_SetVector
 .text.zone8_isr_SetPriority
                0x00001f88       0x10 .\CortexM3\ARM_GCC_541\Debug\Design01.a(zone8_isr.o)
                0x00001f88                zone8_isr_SetPriority
 .text.zone8_isr_Enable
                0x00001f98       0x10 .\CortexM3\ARM_GCC_541\Debug\Design01.a(zone8_isr.o)
                0x00001f98                zone8_isr_Enable
 .text.zone8_isr_Disable
                0x00001fa8       0x10 .\CortexM3\ARM_GCC_541\Debug\Design01.a(zone8_isr.o)
                0x00001fa8                zone8_isr_Disable
 .text.zone8_isr_StartEx
                0x00001fb8       0x1c .\CortexM3\ARM_GCC_541\Debug\Design01.a(zone8_isr.o)
                0x00001fb8                zone8_isr_StartEx
 .text.zone6_isr_SetVector
                0x00001fd4        0xc .\CortexM3\ARM_GCC_541\Debug\Design01.a(zone6_isr.o)
                0x00001fd4                zone6_isr_SetVector
 .text.zone6_isr_SetPriority
                0x00001fe0       0x10 .\CortexM3\ARM_GCC_541\Debug\Design01.a(zone6_isr.o)
                0x00001fe0                zone6_isr_SetPriority
 .text.zone6_isr_Enable
                0x00001ff0        0xc .\CortexM3\ARM_GCC_541\Debug\Design01.a(zone6_isr.o)
                0x00001ff0                zone6_isr_Enable
 .text.zone6_isr_Disable
                0x00001ffc        0xc .\CortexM3\ARM_GCC_541\Debug\Design01.a(zone6_isr.o)
                0x00001ffc                zone6_isr_Disable
 .text.zone6_isr_StartEx
                0x00002008       0x1c .\CortexM3\ARM_GCC_541\Debug\Design01.a(zone6_isr.o)
                0x00002008                zone6_isr_StartEx
 .text.Base_State_Reg_Write
                0x00002024        0xc .\CortexM3\ARM_GCC_541\Debug\Design01.a(Base_State_Reg.o)
                0x00002024                Base_State_Reg_Write
 .text.trigger_isr_SetVector
                0x00002030        0xc .\CortexM3\ARM_GCC_541\Debug\Design01.a(trigger_isr.o)
                0x00002030                trigger_isr_SetVector
 .text.trigger_isr_SetPriority
                0x0000203c       0x10 .\CortexM3\ARM_GCC_541\Debug\Design01.a(trigger_isr.o)
                0x0000203c                trigger_isr_SetPriority
 .text.trigger_isr_Enable
                0x0000204c        0xc .\CortexM3\ARM_GCC_541\Debug\Design01.a(trigger_isr.o)
                0x0000204c                trigger_isr_Enable
 .text.trigger_isr_Disable
                0x00002058        0xc .\CortexM3\ARM_GCC_541\Debug\Design01.a(trigger_isr.o)
                0x00002058                trigger_isr_Disable
 .text.trigger_isr_StartEx
                0x00002064       0x1c .\CortexM3\ARM_GCC_541\Debug\Design01.a(trigger_isr.o)
                0x00002064                trigger_isr_StartEx
 .text.Trigger_Timer_ReadStatusRegister
                0x00002080        0xc .\CortexM3\ARM_GCC_541\Debug\Design01.a(Trigger_Timer.o)
                0x00002080                Trigger_Timer_ReadStatusRegister
 .text.Measure_Timer_Enable
                0x0000208c       0x10 .\CortexM3\ARM_GCC_541\Debug\Design01.a(Measure_Timer.o)
                0x0000208c                Measure_Timer_Enable
 .text.Measure_Timer_SetInterruptMode
                0x0000209c        0xc .\CortexM3\ARM_GCC_541\Debug\Design01.a(Measure_Timer.o)
                0x0000209c                Measure_Timer_SetInterruptMode
 .text.Measure_Timer_ReadStatusRegister
                0x000020a8        0xc .\CortexM3\ARM_GCC_541\Debug\Design01.a(Measure_Timer.o)
                0x000020a8                Measure_Timer_ReadStatusRegister
 .text.Measure_Timer_WritePeriod
                0x000020b4        0xc .\CortexM3\ARM_GCC_541\Debug\Design01.a(Measure_Timer.o)
                0x000020b4                Measure_Timer_WritePeriod
 .text.Measure_Timer_ReadCapture
                0x000020c0        0xc .\CortexM3\ARM_GCC_541\Debug\Design01.a(Measure_Timer.o)
                0x000020c0                Measure_Timer_ReadCapture
 .text.Measure_Timer_WriteCounter
                0x000020cc        0xc .\CortexM3\ARM_GCC_541\Debug\Design01.a(Measure_Timer.o)
                0x000020cc                Measure_Timer_WriteCounter
 .text.Measure_Timer_ReadCounter
                0x000020d8       0x14 .\CortexM3\ARM_GCC_541\Debug\Design01.a(Measure_Timer.o)
                0x000020d8                Measure_Timer_ReadCounter
 .text.Measure_Timer_SetInterruptCount
                0x000020ec       0x1c .\CortexM3\ARM_GCC_541\Debug\Design01.a(Measure_Timer.o)
                0x000020ec                Measure_Timer_SetInterruptCount
 .text.Measure_Timer_ClearFIFO
                0x00002108       0x14 .\CortexM3\ARM_GCC_541\Debug\Design01.a(Measure_Timer.o)
                0x00002108                Measure_Timer_ClearFIFO
 .text.Measure_Timer_Init
                0x0000211c       0x3c .\CortexM3\ARM_GCC_541\Debug\Design01.a(Measure_Timer.o)
                0x0000211c                Measure_Timer_Init
 .text.Measure_Timer_Start
                0x00002158       0x1c .\CortexM3\ARM_GCC_541\Debug\Design01.a(Measure_Timer.o)
                0x00002158                Measure_Timer_Start
 .text.Trigger_2_Write
                0x00002174       0x18 .\CortexM3\ARM_GCC_541\Debug\Design01.a(Trigger_2.o)
                0x00002174                Trigger_2_Write
 .text.measure_isr_SetVector
                0x0000218c        0xc .\CortexM3\ARM_GCC_541\Debug\Design01.a(measure_isr.o)
                0x0000218c                measure_isr_SetVector
 .text.measure_isr_SetPriority
                0x00002198       0x10 .\CortexM3\ARM_GCC_541\Debug\Design01.a(measure_isr.o)
                0x00002198                measure_isr_SetPriority
 .text.measure_isr_Enable
                0x000021a8        0xc .\CortexM3\ARM_GCC_541\Debug\Design01.a(measure_isr.o)
                0x000021a8                measure_isr_Enable
 .text.measure_isr_Disable
                0x000021b4        0xc .\CortexM3\ARM_GCC_541\Debug\Design01.a(measure_isr.o)
                0x000021b4                measure_isr_Disable
 .text.measure_isr_StartEx
                0x000021c0       0x1c .\CortexM3\ARM_GCC_541\Debug\Design01.a(measure_isr.o)
                0x000021c0                measure_isr_StartEx
 .text.Limit_Switch_R_Read
                0x000021dc       0x10 .\CortexM3\ARM_GCC_541\Debug\Design01.a(Limit_Switch_R.o)
                0x000021dc                Limit_Switch_R_Read
 .text.Limit_Switch_L_Read
                0x000021ec       0x10 .\CortexM3\ARM_GCC_541\Debug\Design01.a(Limit_Switch_L.o)
                0x000021ec                Limit_Switch_L_Read
 .text.Echo_Control_Write
                0x000021fc        0xc .\CortexM3\ARM_GCC_541\Debug\Design01.a(Echo_Control.o)
                0x000021fc                Echo_Control_Write
 .text.Trig_Control_Write
                0x00002208        0xc .\CortexM3\ARM_GCC_541\Debug\Design01.a(Trig_Control.o)
                0x00002208                Trig_Control_Write
 .text.Zones_Reg_Write
                0x00002214        0xc .\CortexM3\ARM_GCC_541\Debug\Design01.a(Zones_Reg.o)
                0x00002214                Zones_Reg_Write
 .text          0x00002220       0x20 .\CortexM3\ARM_GCC_541\Debug\Design01.a(CyBootAsmGnu.o)
                0x00002220                CyDelayCycles
                0x00002230                CyEnterCriticalSection
                0x00002238                CyExitCriticalSection
 .text          0x00002240      0x370 d:/trc3500/psoc/psoc creator/4.4/psoc creator/import/gnu/arm/5.4.1/bin/../lib/gcc/arm-none-eabi/5.4.1/armv7-m\libgcc.a(_arm_addsubdf3.o)
                0x00002240                __aeabi_drsub
                0x00002248                __aeabi_dsub
                0x00002248                __subdf3
                0x0000224c                __aeabi_dadd
                0x0000224c                __adddf3
                0x000024c4                __floatunsidf
                0x000024c4                __aeabi_ui2d
                0x000024e4                __floatsidf
                0x000024e4                __aeabi_i2d
                0x00002508                __aeabi_f2d
                0x00002508                __extendsfdf2
                0x00002544                __floatundidf
                0x00002544                __aeabi_ul2d
                0x00002554                __floatdidf
                0x00002554                __aeabi_l2d
 .text          0x000025b0      0x424 d:/trc3500/psoc/psoc creator/4.4/psoc creator/import/gnu/arm/5.4.1/bin/../lib/gcc/arm-none-eabi/5.4.1/armv7-m\libgcc.a(_arm_muldivdf3.o)
                0x000025b0                __aeabi_dmul
                0x000025b0                __muldf3
                0x00002804                __divdf3
                0x00002804                __aeabi_ddiv
 .text          0x000029d4       0x50 d:/trc3500/psoc/psoc creator/4.4/psoc creator/import/gnu/arm/5.4.1/bin/../lib/gcc/arm-none-eabi/5.4.1/armv7-m\libgcc.a(_arm_fixdfsi.o)
                0x000029d4                __aeabi_d2iz
                0x000029d4                __fixdfsi
 .text          0x00002a24       0x40 d:/trc3500/psoc/psoc creator/4.4/psoc creator/import/gnu/arm/5.4.1/bin/../lib/gcc/arm-none-eabi/5.4.1/armv7-m\libgcc.a(_arm_fixunsdfsi.o)
                0x00002a24                __aeabi_d2uiz
                0x00002a24                __fixunsdfsi
 .text          0x00002a64      0x21c d:/trc3500/psoc/psoc creator/4.4/psoc creator/import/gnu/arm/5.4.1/bin/../lib/gcc/arm-none-eabi/5.4.1/armv7-m\libgcc.a(_arm_addsubsf3.o)
                0x00002a64                __aeabi_frsub
                0x00002a6c                __subsf3
                0x00002a6c                __aeabi_fsub
                0x00002a70                __aeabi_fadd
                0x00002a70                __addsf3
                0x00002bd0                __aeabi_ui2f
                0x00002bd0                __floatunsisf
                0x00002bd8                __aeabi_i2f
                0x00002bd8                __floatsisf
                0x00002bf4                __aeabi_ul2f
                0x00002bf4                __floatundisf
                0x00002c04                __aeabi_l2f
                0x00002c04                __floatdisf
 .text          0x00002c80       0xec d:/trc3500/psoc/psoc creator/4.4/psoc creator/import/gnu/arm/5.4.1/bin/../lib/gcc/arm-none-eabi/5.4.1/armv7-m\libgcc.a(_arm_cmpsf2.o)
                0x00002c80                __gesf2
                0x00002c80                __gtsf2
                0x00002c88                __lesf2
                0x00002c88                __ltsf2
                0x00002c90                __nesf2
                0x00002c90                __eqsf2
                0x00002c90                __cmpsf2
                0x00002cf0                __aeabi_cfrcmple
                0x00002cf8                __aeabi_cfcmpeq
                0x00002cf8                __aeabi_cfcmple
                0x00002d08                __aeabi_fcmpeq
                0x00002d1c                __aeabi_fcmplt
                0x00002d30                __aeabi_fcmple
                0x00002d44                __aeabi_fcmpge
                0x00002d58                __aeabi_fcmpgt
 .text          0x00002d6c       0x4c d:/trc3500/psoc/psoc creator/4.4/psoc creator/import/gnu/arm/5.4.1/bin/../lib/gcc/arm-none-eabi/5.4.1/armv7-m\libgcc.a(_arm_fixsfsi.o)
                0x00002d6c                __aeabi_f2iz
                0x00002d6c                __fixsfsi
 .text.__errno  0x00002db8        0xc d:/trc3500/psoc/psoc creator/4.4/psoc creator/import/gnu/arm/5.4.1/bin/../lib/gcc/arm-none-eabi/5.4.1/../../../../arm-none-eabi/lib/armv7-m\libg_nano.a(lib_a-errno.o)
                0x00002db8                __errno
 .text.__libc_init_array
                0x00002dc4       0x4c d:/trc3500/psoc/psoc creator/4.4/psoc creator/import/gnu/arm/5.4.1/bin/../lib/gcc/arm-none-eabi/5.4.1/../../../../arm-none-eabi/lib/armv7-m\libg_nano.a(lib_a-init.o)
                0x00002dc4                __libc_init_array
 .text.memcpy   0x00002e10       0x16 d:/trc3500/psoc/psoc creator/4.4/psoc creator/import/gnu/arm/5.4.1/bin/../lib/gcc/arm-none-eabi/5.4.1/../../../../arm-none-eabi/lib/armv7-m\libg_nano.a(lib_a-memcpy-stub.o)
                0x00002e10                memcpy
 .text.memset   0x00002e26       0x10 d:/trc3500/psoc/psoc creator/4.4/psoc creator/import/gnu/arm/5.4.1/bin/../lib/gcc/arm-none-eabi/5.4.1/../../../../arm-none-eabi/lib/armv7-m\libg_nano.a(lib_a-memset.o)
                0x00002e26                memset
 .text.__cvt    0x00002e36       0xc0 d:/trc3500/psoc/psoc creator/4.4/psoc creator/import/gnu/arm/5.4.1/bin/../lib/gcc/arm-none-eabi/5.4.1/../../../../arm-none-eabi/lib/armv7-m\libg_nano.a(lib_a-nano-vfprintf_float.o)
                0x00002e36                __cvt
 .text.__exponent
                0x00002ef6       0x62 d:/trc3500/psoc/psoc creator/4.4/psoc creator/import/gnu/arm/5.4.1/bin/../lib/gcc/arm-none-eabi/5.4.1/../../../../arm-none-eabi/lib/armv7-m\libg_nano.a(lib_a-nano-vfprintf_float.o)
                0x00002ef6                __exponent
 .text._printf_float
                0x00002f58      0x488 d:/trc3500/psoc/psoc creator/4.4/psoc creator/import/gnu/arm/5.4.1/bin/../lib/gcc/arm-none-eabi/5.4.1/../../../../arm-none-eabi/lib/armv7-m\libg_nano.a(lib_a-nano-vfprintf_float.o)
                0x00002f58                _printf_float
 .text._printf_common
                0x000033e0       0xec d:/trc3500/psoc/psoc creator/4.4/psoc creator/import/gnu/arm/5.4.1/bin/../lib/gcc/arm-none-eabi/5.4.1/../../../../arm-none-eabi/lib/armv7-m\libg_nano.a(lib_a-nano-vfprintf_i.o)
                0x000033e0                _printf_common
 .text._printf_i
                0x000034cc      0x24c d:/trc3500/psoc/psoc creator/4.4/psoc creator/import/gnu/arm/5.4.1/bin/../lib/gcc/arm-none-eabi/5.4.1/../../../../arm-none-eabi/lib/armv7-m\libg_nano.a(lib_a-nano-vfprintf_i.o)
                0x000034cc                _printf_i
 .text.sprintf  0x00003718       0x48 d:/trc3500/psoc/psoc creator/4.4/psoc creator/import/gnu/arm/5.4.1/bin/../lib/gcc/arm-none-eabi/5.4.1/../../../../arm-none-eabi/lib/armv7-m\libg_nano.a(lib_a-sprintf.o)
                0x00003718                siprintf
                0x00003718                sprintf
 .text          0x00003760       0x14 d:/trc3500/psoc/psoc creator/4.4/psoc creator/import/gnu/arm/5.4.1/bin/../lib/gcc/arm-none-eabi/5.4.1/../../../../arm-none-eabi/lib/armv7-m\libg_nano.a(lib_a-strcmp.o)
                0x00003760                strcmp
 .text          0x00003774       0x10 d:/trc3500/psoc/psoc creator/4.4/psoc creator/import/gnu/arm/5.4.1/bin/../lib/gcc/arm-none-eabi/5.4.1/../../../../arm-none-eabi/lib/armv7-m\libg_nano.a(lib_a-strlen.o)
                0x00003774                strlen
 .text.quorem   0x00003784      0x116 d:/trc3500/psoc/psoc creator/4.4/psoc creator/import/gnu/arm/5.4.1/bin/../lib/gcc/arm-none-eabi/5.4.1/../../../../arm-none-eabi/lib/armv7-m\libg_nano.a(lib_a-dtoa.o)
 *fill*         0x0000389a        0x6 
 .text._dtoa_r  0x000038a0      0xb30 d:/trc3500/psoc/psoc creator/4.4/psoc creator/import/gnu/arm/5.4.1/bin/../lib/gcc/arm-none-eabi/5.4.1/../../../../arm-none-eabi/lib/armv7-m\libg_nano.a(lib_a-dtoa.o)
                0x000038a0                _dtoa_r
 .text._localeconv_r
                0x000043d0        0x8 d:/trc3500/psoc/psoc creator/4.4/psoc creator/import/gnu/arm/5.4.1/bin/../lib/gcc/arm-none-eabi/5.4.1/../../../../arm-none-eabi/lib/armv7-m\libg_nano.a(lib_a-locale.o)
                0x000043d0                _localeconv_r
 .text.malloc   0x000043d8       0x10 d:/trc3500/psoc/psoc creator/4.4/psoc creator/import/gnu/arm/5.4.1/bin/../lib/gcc/arm-none-eabi/5.4.1/../../../../arm-none-eabi/lib/armv7-m\libg_nano.a(lib_a-malloc.o)
                0x000043d8                malloc
 .text.memchr   0x000043e8       0x1c d:/trc3500/psoc/psoc creator/4.4/psoc creator/import/gnu/arm/5.4.1/bin/../lib/gcc/arm-none-eabi/5.4.1/../../../../arm-none-eabi/lib/armv7-m\libg_nano.a(lib_a-memchr-stub.o)
                0x000043e8                memchr
 .text._Balloc  0x00004404       0x6a d:/trc3500/psoc/psoc creator/4.4/psoc creator/import/gnu/arm/5.4.1/bin/../lib/gcc/arm-none-eabi/5.4.1/../../../../arm-none-eabi/lib/armv7-m\libg_nano.a(lib_a-mprec.o)
                0x00004404                _Balloc
 .text._Bfree   0x0000446e       0x2e d:/trc3500/psoc/psoc creator/4.4/psoc creator/import/gnu/arm/5.4.1/bin/../lib/gcc/arm-none-eabi/5.4.1/../../../../arm-none-eabi/lib/armv7-m\libg_nano.a(lib_a-mprec.o)
                0x0000446e                _Bfree
 .text.__multadd
                0x0000449c       0x76 d:/trc3500/psoc/psoc creator/4.4/psoc creator/import/gnu/arm/5.4.1/bin/../lib/gcc/arm-none-eabi/5.4.1/../../../../arm-none-eabi/lib/armv7-m\libg_nano.a(lib_a-mprec.o)
                0x0000449c                __multadd
 .text.__hi0bits
                0x00004512       0x40 d:/trc3500/psoc/psoc creator/4.4/psoc creator/import/gnu/arm/5.4.1/bin/../lib/gcc/arm-none-eabi/5.4.1/../../../../arm-none-eabi/lib/armv7-m\libg_nano.a(lib_a-mprec.o)
                0x00004512                __hi0bits
 .text.__lo0bits
                0x00004552       0x5a d:/trc3500/psoc/psoc creator/4.4/psoc creator/import/gnu/arm/5.4.1/bin/../lib/gcc/arm-none-eabi/5.4.1/../../../../arm-none-eabi/lib/armv7-m\libg_nano.a(lib_a-mprec.o)
                0x00004552                __lo0bits
 .text.__i2b    0x000045ac       0x12 d:/trc3500/psoc/psoc creator/4.4/psoc creator/import/gnu/arm/5.4.1/bin/../lib/gcc/arm-none-eabi/5.4.1/../../../../arm-none-eabi/lib/armv7-m\libg_nano.a(lib_a-mprec.o)
                0x000045ac                __i2b
 .text.__multiply
                0x000045be      0x120 d:/trc3500/psoc/psoc creator/4.4/psoc creator/import/gnu/arm/5.4.1/bin/../lib/gcc/arm-none-eabi/5.4.1/../../../../arm-none-eabi/lib/armv7-m\libg_nano.a(lib_a-mprec.o)
                0x000045be                __multiply
 *fill*         0x000046de        0x2 
 .text.__pow5mult
                0x000046e0       0x9c d:/trc3500/psoc/psoc creator/4.4/psoc creator/import/gnu/arm/5.4.1/bin/../lib/gcc/arm-none-eabi/5.4.1/../../../../arm-none-eabi/lib/armv7-m\libg_nano.a(lib_a-mprec.o)
                0x000046e0                __pow5mult
 .text.__lshift
                0x0000477c       0xa2 d:/trc3500/psoc/psoc creator/4.4/psoc creator/import/gnu/arm/5.4.1/bin/../lib/gcc/arm-none-eabi/5.4.1/../../../../arm-none-eabi/lib/armv7-m\libg_nano.a(lib_a-mprec.o)
                0x0000477c                __lshift
 .text.__mcmp   0x0000481e       0x38 d:/trc3500/psoc/psoc creator/4.4/psoc creator/import/gnu/arm/5.4.1/bin/../lib/gcc/arm-none-eabi/5.4.1/../../../../arm-none-eabi/lib/armv7-m\libg_nano.a(lib_a-mprec.o)
                0x0000481e                __mcmp
 .text.__mdiff  0x00004856       0xbe d:/trc3500/psoc/psoc creator/4.4/psoc creator/import/gnu/arm/5.4.1/bin/../lib/gcc/arm-none-eabi/5.4.1/../../../../arm-none-eabi/lib/armv7-m\libg_nano.a(lib_a-mprec.o)
                0x00004856                __mdiff
 .text.__d2b    0x00004914       0x9c d:/trc3500/psoc/psoc creator/4.4/psoc creator/import/gnu/arm/5.4.1/bin/../lib/gcc/arm-none-eabi/5.4.1/../../../../arm-none-eabi/lib/armv7-m\libg_nano.a(lib_a-mprec.o)
                0x00004914                __d2b
 .text._calloc_r
                0x000049b0       0x1c d:/trc3500/psoc/psoc creator/4.4/psoc creator/import/gnu/arm/5.4.1/bin/../lib/gcc/arm-none-eabi/5.4.1/../../../../arm-none-eabi/lib/armv7-m\libg_nano.a(lib_a-nano-callocr.o)
                0x000049b0                _calloc_r
 .text._free_r  0x000049cc       0x98 d:/trc3500/psoc/psoc creator/4.4/psoc creator/import/gnu/arm/5.4.1/bin/../lib/gcc/arm-none-eabi/5.4.1/../../../../arm-none-eabi/lib/armv7-m\libg_nano.a(lib_a-nano-freer.o)
                0x000049cc                _free_r
 .text._malloc_r
                0x00004a64       0xbc d:/trc3500/psoc/psoc creator/4.4/psoc creator/import/gnu/arm/5.4.1/bin/../lib/gcc/arm-none-eabi/5.4.1/../../../../arm-none-eabi/lib/armv7-m\libg_nano.a(lib_a-nano-mallocr.o)
                0x00004a64                _malloc_r
 .text.__ssputs_r
                0x00004b20       0xb2 d:/trc3500/psoc/psoc creator/4.4/psoc creator/import/gnu/arm/5.4.1/bin/../lib/gcc/arm-none-eabi/5.4.1/../../../../arm-none-eabi/lib/armv7-m\libg_nano.a(lib_a-nano-svfprintf.o)
                0x00004b20                __ssputs_r
 *fill*         0x00004bd2        0x2 
 .text._svfprintf_r
                0x00004bd4      0x1e8 d:/trc3500/psoc/psoc creator/4.4/psoc creator/import/gnu/arm/5.4.1/bin/../lib/gcc/arm-none-eabi/5.4.1/../../../../arm-none-eabi/lib/armv7-m\libg_nano.a(lib_a-nano-svfprintf.o)
                0x00004bd4                _svfiprintf_r
                0x00004bd4                _svfprintf_r
 .text._sbrk_r  0x00004dbc       0x20 d:/trc3500/psoc/psoc creator/4.4/psoc creator/import/gnu/arm/5.4.1/bin/../lib/gcc/arm-none-eabi/5.4.1/../../../../arm-none-eabi/lib/armv7-m\libg_nano.a(lib_a-sbrkr.o)
                0x00004dbc                _sbrk_r
 .text.memmove  0x00004ddc       0x36 d:/trc3500/psoc/psoc creator/4.4/psoc creator/import/gnu/arm/5.4.1/bin/../lib/gcc/arm-none-eabi/5.4.1/../../../../arm-none-eabi/lib/armv7-m\libg_nano.a(lib_a-memmove.o)
                0x00004ddc                memmove
 .text.__malloc_lock
                0x00004e12        0x2 d:/trc3500/psoc/psoc creator/4.4/psoc creator/import/gnu/arm/5.4.1/bin/../lib/gcc/arm-none-eabi/5.4.1/../../../../arm-none-eabi/lib/armv7-m\libg_nano.a(lib_a-mlock.o)
                0x00004e12                __malloc_lock
 .text.__malloc_unlock
                0x00004e14        0x2 d:/trc3500/psoc/psoc creator/4.4/psoc creator/import/gnu/arm/5.4.1/bin/../lib/gcc/arm-none-eabi/5.4.1/../../../../arm-none-eabi/lib/armv7-m\libg_nano.a(lib_a-mlock.o)
                0x00004e14                __malloc_unlock
 .text._realloc_r
                0x00004e16       0x4c d:/trc3500/psoc/psoc creator/4.4/psoc creator/import/gnu/arm/5.4.1/bin/../lib/gcc/arm-none-eabi/5.4.1/../../../../arm-none-eabi/lib/armv7-m\libg_nano.a(lib_a-nano-reallocr.o)
                0x00004e16                _realloc_r
 .text._malloc_usable_size_r
                0x00004e62       0x14 d:/trc3500/psoc/psoc creator/4.4/psoc creator/import/gnu/arm/5.4.1/bin/../lib/gcc/arm-none-eabi/5.4.1/../../../../arm-none-eabi/lib/armv7-m\libg_nano.a(lib_a-nano-msizer.o)
                0x00004e62                _malloc_usable_size_r
 *fill*         0x00004e76        0x2 
 .text          0x00004e78      0x110 d:/trc3500/psoc/psoc creator/4.4/psoc creator/import/gnu/arm/5.4.1/bin/../lib/gcc/arm-none-eabi/5.4.1/armv7-m\libgcc.a(_arm_cmpdf2.o)
                0x00004e78                __gtdf2
                0x00004e78                __gedf2
                0x00004e80                __ltdf2
                0x00004e80                __ledf2
                0x00004e88                __nedf2
                0x00004e88                __eqdf2
                0x00004e88                __cmpdf2
                0x00004f04                __aeabi_cdrcmple
                0x00004f14                __aeabi_cdcmpeq
                0x00004f14                __aeabi_cdcmple
                0x00004f24                __aeabi_dcmpeq
                0x00004f38                __aeabi_dcmplt
                0x00004f4c                __aeabi_dcmple
                0x00004f60                __aeabi_dcmpge
                0x00004f74                __aeabi_dcmpgt
 .text          0x00004f88       0x2c d:/trc3500/psoc/psoc creator/4.4/psoc creator/import/gnu/arm/5.4.1/bin/../lib/gcc/arm-none-eabi/5.4.1/armv7-m\libgcc.a(_arm_unorddf2.o)
                0x00004f88                __unorddf2
                0x00004f88                __aeabi_dcmpun
 *(.plt)
 *(.gnu.warning)
 *(.glue_7t)
 .glue_7t       0x00004fb4        0x0 linker stubs
 *(.glue_7)
 .glue_7        0x00004fb4        0x0 linker stubs
 *(.vfp11_veneer)
 .vfp11_veneer  0x00004fb4        0x0 linker stubs
 *(.bootloader)
 *(.ARM.extab* .gnu.linkonce.armextab.*)
 *(.gcc_except_table)

.v4_bx          0x00004fb4        0x0
 .v4_bx         0x00004fb4        0x0 linker stubs

.iplt           0x00004fb4        0x0
 .iplt          0x00004fb4        0x0 d:/trc3500/psoc/psoc creator/4.4/psoc creator/import/gnu/arm/5.4.1/bin/../lib/gcc/arm-none-eabi/5.4.1/armv7-m/crtbegin.o

.eh_frame_hdr
 *(.eh_frame_hdr)

.eh_frame       0x00004fb4        0x4
 *(.eh_frame)
 .eh_frame      0x00004fb4        0x0 d:/trc3500/psoc/psoc creator/4.4/psoc creator/import/gnu/arm/5.4.1/bin/../lib/gcc/arm-none-eabi/5.4.1/armv7-m/crtbegin.o
 .eh_frame      0x00004fb4        0x4 d:/trc3500/psoc/psoc creator/4.4/psoc creator/import/gnu/arm/5.4.1/bin/../lib/gcc/arm-none-eabi/5.4.1/armv7-m/crtend.o
                [!provide]                PROVIDE (__exidx_start, .)

.ARM.exidx
 *(.ARM.exidx* .gnu.linkonce.armexidx.*)
                0x00004fb8                __exidx_end = .

.rodata         0x00004fb8      0x3a8
 *(.rodata .rodata.* .gnu.linkonce.r.*)
 .rodata.str1.4
                0x00004fb8      0x1c0 .\CortexM3\ARM_GCC_541\Debug\main.o
                                0x1bd (size before relaxing)
 .rodata        0x00005178       0x4e .\CortexM3\ARM_GCC_541\Debug\cyfitter_cfg.o
 .rodata.str1.1
                0x000051c6        0x2 d:/trc3500/psoc/psoc creator/4.4/psoc creator/import/gnu/arm/5.4.1/bin/../lib/gcc/arm-none-eabi/5.4.1/../../../../arm-none-eabi/lib/armv7-m\libg_nano.a(lib_a-impure.o)
 .rodata.str1.1
                0x000051c8       0x12 d:/trc3500/psoc/psoc creator/4.4/psoc creator/import/gnu/arm/5.4.1/bin/../lib/gcc/arm-none-eabi/5.4.1/../../../../arm-none-eabi/lib/armv7-m\libg_nano.a(lib_a-nano-vfprintf_float.o)
 .rodata.str1.1
                0x000051da       0x22 d:/trc3500/psoc/psoc creator/4.4/psoc creator/import/gnu/arm/5.4.1/bin/../lib/gcc/arm-none-eabi/5.4.1/../../../../arm-none-eabi/lib/armv7-m\libg_nano.a(lib_a-nano-vfprintf_i.o)
 .rodata.str1.1
                0x000051fc        0xd d:/trc3500/psoc/psoc creator/4.4/psoc creator/import/gnu/arm/5.4.1/bin/../lib/gcc/arm-none-eabi/5.4.1/../../../../arm-none-eabi/lib/armv7-m\libg_nano.a(lib_a-dtoa.o)
                                  0xf (size before relaxing)
 .rodata.str1.1
                0x00005209        0x8 d:/trc3500/psoc/psoc creator/4.4/psoc creator/import/gnu/arm/5.4.1/bin/../lib/gcc/arm-none-eabi/5.4.1/../../../../arm-none-eabi/lib/armv7-m\libg_nano.a(lib_a-locale.o)
                                  0xb (size before relaxing)
 *fill*         0x00005211        0x7 
 .rodata.__mprec_tens
                0x00005218       0xc8 d:/trc3500/psoc/psoc creator/4.4/psoc creator/import/gnu/arm/5.4.1/bin/../lib/gcc/arm-none-eabi/5.4.1/../../../../arm-none-eabi/lib/armv7-m\libg_nano.a(lib_a-mprec.o)
                0x00005218                __mprec_tens
 .rodata.p05.5408
                0x000052e0        0xc d:/trc3500/psoc/psoc creator/4.4/psoc creator/import/gnu/arm/5.4.1/bin/../lib/gcc/arm-none-eabi/5.4.1/../../../../arm-none-eabi/lib/armv7-m\libg_nano.a(lib_a-mprec.o)
 *fill*         0x000052ec        0x4 
 .rodata.__mprec_bigtens
                0x000052f0       0x28 d:/trc3500/psoc/psoc creator/4.4/psoc creator/import/gnu/arm/5.4.1/bin/../lib/gcc/arm-none-eabi/5.4.1/../../../../arm-none-eabi/lib/armv7-m\libg_nano.a(lib_a-mprec.o)
                0x000052f0                __mprec_bigtens
 .rodata.str1.1
                0x00005318       0x11 d:/trc3500/psoc/psoc creator/4.4/psoc creator/import/gnu/arm/5.4.1/bin/../lib/gcc/arm-none-eabi/5.4.1/../../../../arm-none-eabi/lib/armv7-m\libg_nano.a(lib_a-nano-svfprintf.o)
                0x0000532c                . = ALIGN (0x4)
 *fill*         0x00005329        0x3 
 *(.init)
 .init          0x0000532c        0x4 d:/trc3500/psoc/psoc creator/4.4/psoc creator/import/gnu/arm/5.4.1/bin/../lib/gcc/arm-none-eabi/5.4.1/armv7-m/crti.o
                0x0000532c                _init
 .init          0x00005330        0x8 d:/trc3500/psoc/psoc creator/4.4/psoc creator/import/gnu/arm/5.4.1/bin/../lib/gcc/arm-none-eabi/5.4.1/armv7-m/crtn.o
                0x00005338                . = ALIGN (0x4)
                0x00005338                __preinit_array_start = .
 *(.preinit_array)
                0x00005338                __preinit_array_end = .
                0x00005338                . = ALIGN (0x4)
                0x00005338                __init_array_start = .
 *(SORT(.init_array.*))
 *(.init_array)
 .init_array    0x00005338        0x4 d:/trc3500/psoc/psoc creator/4.4/psoc creator/import/gnu/arm/5.4.1/bin/../lib/gcc/arm-none-eabi/5.4.1/armv7-m/crtbegin.o
 .init_array    0x0000533c        0x4 .\CortexM3\ARM_GCC_541\Debug\Cm3Start.o
                0x00005340                __init_array_end = .
                0x00005340                . = ALIGN (0x4)
 *(.fini)
 .fini          0x00005340        0x4 d:/trc3500/psoc/psoc creator/4.4/psoc creator/import/gnu/arm/5.4.1/bin/../lib/gcc/arm-none-eabi/5.4.1/armv7-m/crti.o
                0x00005340                _fini
 .fini          0x00005344        0x8 d:/trc3500/psoc/psoc creator/4.4/psoc creator/import/gnu/arm/5.4.1/bin/../lib/gcc/arm-none-eabi/5.4.1/armv7-m/crtn.o
                0x0000534c                . = ALIGN (0x4)
                0x0000534c                __fini_array_start = .
 *(.fini_array)
 .fini_array    0x0000534c        0x4 d:/trc3500/psoc/psoc creator/4.4/psoc creator/import/gnu/arm/5.4.1/bin/../lib/gcc/arm-none-eabi/5.4.1/armv7-m/crtbegin.o
 *(SORT(.fini_array.*))
                0x00005350                __fini_array_end = .
                0x00005350                . = ALIGN (0x4)
 *crtbegin.o(.ctors)
 *(EXCLUDE_FILE(*crtend.o) .ctors)
 *(SORT(.ctors.*))
 *crtend.o(.ctors)
                0x00005350                . = ALIGN (0x4)
 *crtbegin.o(.dtors)
 *(EXCLUDE_FILE(*crtend.o) .dtors)
 *(SORT(.dtors.*))
 *crtend.o(.dtors)
                0x00005350                . = ALIGN (0x4)
                0x00005350                __cy_regions = .
                0x00005350        0x4 LONG 0x5360 __cy_region_init_ram
                0x00005354        0x4 LONG 0x1fff80c8 __cy_region_start_data
                0x00005358        0x4 LONG 0xc0 __cy_region_init_size_ram
                0x0000535c        0x4 LONG 0xa8 __cy_region_zero_size_ram
                0x00005360                __cy_regions_end = .
                0x00005360                . = ALIGN (0x8)
                0x00005360                _etext = .

.cy_checksum_exclude
                0x00005360        0x0
 *(.cy_checksum_exclude)

.ramvectors     0x1fff8000       0xc0
                0x1fff8000                __cy_region_start_ram = .
 *(.ramvectors)
 .ramvectors    0x1fff8000       0xc0 .\CortexM3\ARM_GCC_541\Debug\Cm3Start.o
                0x1fff8000                CyRamVectors

.noinit         0x1fff80c0        0x1
 *(.noinit)
 .noinit        0x1fff80c0        0x1 .\CortexM3\ARM_GCC_541\Debug\Design01.a(CyLib.o)
                0x1fff80c0                CyResetStatus

.data           0x1fff80c8       0xc0 load address 0x00005360
                0x1fff80c8                __cy_region_start_data = .
 *(.jcr)
 .jcr           0x1fff80c8        0x0 d:/trc3500/psoc/psoc creator/4.4/psoc creator/import/gnu/arm/5.4.1/bin/../lib/gcc/arm-none-eabi/5.4.1/armv7-m/crtbegin.o
 .jcr           0x1fff80c8        0x4 d:/trc3500/psoc/psoc creator/4.4/psoc creator/import/gnu/arm/5.4.1/bin/../lib/gcc/arm-none-eabi/5.4.1/armv7-m/crtend.o
 *(.got.plt)
 *(.got)
 *(.shdata)
 *(.data .data.* .gnu.linkonce.d.*)
 .data          0x1fff80cc        0x8 .\CortexM3\ARM_GCC_541\Debug\main.o
                0x1fff80cc                uss_1_trig
                0x1fff80d0                next_state
 .data          0x1fff80d4        0x4 .\CortexM3\ARM_GCC_541\Debug\Cm3Start.o
 .data          0x1fff80d8       0x10 .\CortexM3\ARM_GCC_541\Debug\Design01.a(CyLib.o)
                0x1fff80d8                cydelay_32k_ms
                0x1fff80dc                cydelay_freq_khz
                0x1fff80e0                cydelay_freq_mhz
                0x1fff80e4                cydelay_freq_hz
 .data.impure_data
                0x1fff80e8       0x60 d:/trc3500/psoc/psoc creator/4.4/psoc creator/import/gnu/arm/5.4.1/bin/../lib/gcc/arm-none-eabi/5.4.1/../../../../arm-none-eabi/lib/armv7-m\libg_nano.a(lib_a-impure.o)
 .data._impure_ptr
                0x1fff8148        0x4 d:/trc3500/psoc/psoc creator/4.4/psoc creator/import/gnu/arm/5.4.1/bin/../lib/gcc/arm-none-eabi/5.4.1/../../../../arm-none-eabi/lib/armv7-m\libg_nano.a(lib_a-impure.o)
                0x1fff8148                _impure_ptr
 .data.lconv    0x1fff814c       0x38 d:/trc3500/psoc/psoc creator/4.4/psoc creator/import/gnu/arm/5.4.1/bin/../lib/gcc/arm-none-eabi/5.4.1/../../../../arm-none-eabi/lib/armv7-m\libg_nano.a(lib_a-locale.o)
                0x1fff8188                . = ALIGN (0x8)
 *fill*         0x1fff8184        0x4 
 *(.ram)
                0x1fff8188                _edata = .

.igot.plt       0x1fff8188        0x0 load address 0x00005420
 .igot.plt      0x1fff8188        0x0 d:/trc3500/psoc/psoc creator/4.4/psoc creator/import/gnu/arm/5.4.1/bin/../lib/gcc/arm-none-eabi/5.4.1/armv7-m/crtbegin.o

.bss            0x1fff8188       0xa8 load address 0x00005420
                0x1fff8188                PROVIDE (__bss_start__, .)
 *(.shbss)
 *(.bss .bss.* .gnu.linkonce.b.*)
 .bss           0x1fff8188       0x1c d:/trc3500/psoc/psoc creator/4.4/psoc creator/import/gnu/arm/5.4.1/bin/../lib/gcc/arm-none-eabi/5.4.1/armv7-m/crtbegin.o
 .bss           0x1fff81a4       0x60 .\CortexM3\ARM_GCC_541\Debug\main.o
                0x1fff81a4                measure_timer_flag
                0x1fff81a8                print_count
                0x1fff81ac                timer1_count
                0x1fff81b0                dist_measured_1
                0x1fff81b4                uss_2_trig
                0x1fff81b8                timer2_count
                0x1fff81bc                dist_measured_2
                0x1fff81c0                zones_visited
                0x1fff81c4                idle_state
                0x1fff81c8                compare_ready
                0x1fff81cc                robot_stop
                0x1fff81d0                counter_master
                0x1fff81d4                counter_slave
                0x1fff81d8                counter_turn
                0x1fff81dc                counter_rgb
                0x1fff81ec                color_result
                0x1fff81f0                zone
                0x1fff8200                stop_robot
 .bss           0x1fff8204        0x1 .\CortexM3\ARM_GCC_541\Debug\Design01.a(PWM_RGB.o)
                0x1fff8204                PWM_RGB_initVar
 .bss           0x1fff8205        0x1 .\CortexM3\ARM_GCC_541\Debug\Design01.a(Counter_RGB.o)
                0x1fff8205                Counter_RGB_initVar
 .bss           0x1fff8206        0x1 .\CortexM3\ARM_GCC_541\Debug\Design01.a(PWM_Motor_1.o)
                0x1fff8206                PWM_Motor_1_initVar
 .bss           0x1fff8207        0x1 .\CortexM3\ARM_GCC_541\Debug\Design01.a(QuadDec_Motor_1.o)
                0x1fff8207                QuadDec_Motor_1_initVar
 .bss           0x1fff8208        0x1 .\CortexM3\ARM_GCC_541\Debug\Design01.a(PWM_Motor_2.o)
                0x1fff8208                PWM_Motor_2_initVar
 .bss           0x1fff8209        0x1 .\CortexM3\ARM_GCC_541\Debug\Design01.a(QuadDec_Motor_2.o)
                0x1fff8209                QuadDec_Motor_2_initVar
 .bss           0x1fff820a        0x1 .\CortexM3\ARM_GCC_541\Debug\Design01.a(QuadDec_Motor_1_Cnt16.o)
                0x1fff820a                QuadDec_Motor_1_Cnt16_initVar
 .bss           0x1fff820b        0x1 .\CortexM3\ARM_GCC_541\Debug\Design01.a(QuadDec_Motor_2_Cnt16.o)
                0x1fff820b                QuadDec_Motor_2_Cnt16_initVar
 .bss           0x1fff820c        0x1 .\CortexM3\ARM_GCC_541\Debug\Design01.a(PWM_Arm_Metal.o)
                0x1fff820c                PWM_Arm_Metal_initVar
 .bss           0x1fff820d        0x2 .\CortexM3\ARM_GCC_541\Debug\Design01.a(UART.o)
                0x1fff820d                UART_initVar
 .bss           0x1fff820f        0x1 .\CortexM3\ARM_GCC_541\Debug\Design01.a(Measure_Timer.o)
                0x1fff820f                Measure_Timer_initVar
 .bss.__malloc_sbrk_start
                0x1fff8210        0x4 d:/trc3500/psoc/psoc creator/4.4/psoc creator/import/gnu/arm/5.4.1/bin/../lib/gcc/arm-none-eabi/5.4.1/../../../../arm-none-eabi/lib/armv7-m\libg_nano.a(lib_a-nano-mallocr.o)
                0x1fff8210                __malloc_sbrk_start
 .bss.__malloc_free_list
                0x1fff8214        0x4 d:/trc3500/psoc/psoc creator/4.4/psoc creator/import/gnu/arm/5.4.1/bin/../lib/gcc/arm-none-eabi/5.4.1/../../../../arm-none-eabi/lib/armv7-m\libg_nano.a(lib_a-nano-mallocr.o)
                0x1fff8214                __malloc_free_list
 *(COMMON)
 COMMON         0x1fff8218       0x14 .\CortexM3\ARM_GCC_541\Debug\main.o
                0x1fff8218                msg
 COMMON         0x1fff822c        0x4 d:/trc3500/psoc/psoc creator/4.4/psoc creator/import/gnu/arm/5.4.1/bin/../lib/gcc/arm-none-eabi/5.4.1/../../../../arm-none-eabi/lib/armv7-m\libg_nano.a(lib_a-reent.o)
                0x1fff822c                errno
                0x1fff8230                . = ALIGN (0x8)
 *(.ram.b)
                0x1fff8230                _end = .
                0x1fff8230                __end = .
                0x1fff8230                PROVIDE (end, .)
                0x1fff8230                PROVIDE (__bss_end__, .)
                0x00005360                __cy_region_init_ram = LOADADDR (.data)
                0x000000c0                __cy_region_init_size_ram = (_edata - ADDR (.data))
                0x000000a8                __cy_region_zero_size_ram = (_end - _edata)

.heap           0x1fff8230      0x200 load address 0x00005420
                0x1fff8230                . = _end
                0x1fff8430                . = (. + 0x200)
 *fill*         0x1fff8230      0x200 
                0x1fff8430                __cy_heap_limit = .

.stack          0x20007800      0x800
                0x20007800                __cy_stack_limit = .
                0x20008000                . = (. + 0x800)
 *fill*         0x20007800      0x800 
                0x00000001                ASSERT ((__cy_stack_limit >= __cy_heap_limit), region RAM overflowed with stack)
                0x00000000                cy_checksum_exclude_size = (CY_APPL_LOADABLE == 0x1)?SIZEOF (.cy_checksum_exclude):0x0
                0x00000001                ASSERT ((cy_checksum_exclude_size <= CY_CHECKSUM_EXCLUDE_SIZE), CY_BOOT: Section .cy_checksum_exclude size exceedes specified limit.)

.cyloadermeta
 *(.cyloadermeta)

.cyloadablemeta
 *(.cyloadablemeta)

.cyconfigecc    0x80000000     0x1198
 *(.cyconfigecc)
 .cyconfigecc   0x80000000     0x1198 .\CortexM3\ARM_GCC_541\Debug\cymetadata.o
                0x80000000                cy_meta_configecc

.cycustnvl      0x90000000        0x4
 *(.cycustnvl)
 .cycustnvl     0x90000000        0x4 .\CortexM3\ARM_GCC_541\Debug\cymetadata.o
                0x90000000                cy_meta_custnvl

.cywolatch      0x90100000        0x4
 *(.cywolatch)
 .cywolatch     0x90100000        0x4 .\CortexM3\ARM_GCC_541\Debug\cymetadata.o
                0x90100000                cy_meta_wonvl

.cyeeprom       0x90200000        0x0
 *(.cyeeprom)
                0x00000001                ASSERT ((. <= ((0x90200000 + ee_offset) + ee_size)), .cyeeprom data will not fit in EEPROM)

.cyflashprotect
                0x90400000      0x100
 *(.cyflashprotect)
 .cyflashprotect
                0x90400000      0x100 .\CortexM3\ARM_GCC_541\Debug\cymetadata.o
                0x90400000                cy_meta_flashprotect

.cymeta         0x90500000        0xc
 *(.cymeta)
 .cymeta        0x90500000        0xc .\CortexM3\ARM_GCC_541\Debug\cymetadata.o
                0x90500000                cy_metadata

.rel.dyn        0x00005420        0x0 load address 0x9050000c
 .rel.iplt      0x00005420        0x0 d:/trc3500/psoc/psoc creator/4.4/psoc creator/import/gnu/arm/5.4.1/bin/../lib/gcc/arm-none-eabi/5.4.1/armv7-m/crtbegin.o

.stab
 *(.stab)

.stabstr
 *(.stabstr)

.debug
 *(.debug)

.line
 *(.line)

.debug_srcinfo
 *(.debug_srcinfo)

.debug_sfnames
 *(.debug_sfnames)

.debug_aranges  0x00000000     0x1660
 *(.debug_aranges)
 .debug_aranges
                0x00000000       0xf0 .\CortexM3\ARM_GCC_541\Debug\main.o
 .debug_aranges
                0x000000f0       0x58 .\CortexM3\ARM_GCC_541\Debug\cyfitter_cfg.o
 .debug_aranges
                0x00000148       0x18 .\CortexM3\ARM_GCC_541\Debug\cymetadata.o
 .debug_aranges
                0x00000160       0x48 .\CortexM3\ARM_GCC_541\Debug\Cm3Start.o
 .debug_aranges
                0x000001a8       0x38 .\CortexM3\ARM_GCC_541\Debug\Design01.a(MOTOR_1_IN_1.o)
 .debug_aranges
                0x000001e0       0x38 .\CortexM3\ARM_GCC_541\Debug\Design01.a(MOTOR_1_IN_2.o)
 .debug_aranges
                0x00000218      0x2a0 .\CortexM3\ARM_GCC_541\Debug\Design01.a(CyLib.o)
 .debug_aranges
                0x000004b8       0x98 .\CortexM3\ARM_GCC_541\Debug\Design01.a(cyPm.o)
 .debug_aranges
                0x00000550       0x38 .\CortexM3\ARM_GCC_541\Debug\Design01.a(MOTOR_2_IN_4.o)
 .debug_aranges
                0x00000588       0x38 .\CortexM3\ARM_GCC_541\Debug\Design01.a(MOTOR_2_IN_3.o)
 .debug_aranges
                0x000005c0       0x38 .\CortexM3\ARM_GCC_541\Debug\Design01.a(Trigger_1.o)
 .debug_aranges
                0x000005f8       0x38 .\CortexM3\ARM_GCC_541\Debug\Design01.a(Btn_Start.o)
 .debug_aranges
                0x00000630       0x38 .\CortexM3\ARM_GCC_541\Debug\Design01.a(IR_Sensor.o)
 .debug_aranges
                0x00000668       0x80 .\CortexM3\ARM_GCC_541\Debug\Design01.a(idle_isr.o)
 .debug_aranges
                0x000006e8       0x98 .\CortexM3\ARM_GCC_541\Debug\Design01.a(PWM_RGB.o)
 .debug_aranges
                0x00000780       0x98 .\CortexM3\ARM_GCC_541\Debug\Design01.a(Counter_RGB.o)
 .debug_aranges
                0x00000818       0x28 .\CortexM3\ARM_GCC_541\Debug\Design01.a(Control_Reg_RGB.o)
 .debug_aranges
                0x00000840       0x38 .\CortexM3\ARM_GCC_541\Debug\Design01.a(S0.o)
 .debug_aranges
                0x00000878       0x38 .\CortexM3\ARM_GCC_541\Debug\Design01.a(S1.o)
 .debug_aranges
                0x000008b0       0x38 .\CortexM3\ARM_GCC_541\Debug\Design01.a(S2.o)
 .debug_aranges
                0x000008e8       0x38 .\CortexM3\ARM_GCC_541\Debug\Design01.a(S3.o)
 .debug_aranges
                0x00000920       0x38 .\CortexM3\ARM_GCC_541\Debug\Design01.a(LED.o)
 .debug_aranges
                0x00000958       0x38 .\CortexM3\ARM_GCC_541\Debug\Design01.a(LED_Pin.o)
 .debug_aranges
                0x00000990       0x78 .\CortexM3\ARM_GCC_541\Debug\Design01.a(PWM_Motor_1.o)
 .debug_aranges
                0x00000a08       0x60 .\CortexM3\ARM_GCC_541\Debug\Design01.a(QuadDec_Motor_1.o)
 .debug_aranges
                0x00000a68       0x78 .\CortexM3\ARM_GCC_541\Debug\Design01.a(PWM_Motor_2.o)
 .debug_aranges
                0x00000ae0       0x60 .\CortexM3\ARM_GCC_541\Debug\Design01.a(QuadDec_Motor_2.o)
 .debug_aranges
                0x00000b40       0x40 .\CortexM3\ARM_GCC_541\Debug\Design01.a(Status_Reg_Arm.o)
 .debug_aranges
                0x00000b80       0x98 .\CortexM3\ARM_GCC_541\Debug\Design01.a(QuadDec_Motor_1_Cnt16.o)
 .debug_aranges
                0x00000c18       0x98 .\CortexM3\ARM_GCC_541\Debug\Design01.a(QuadDec_Motor_2_Cnt16.o)
 .debug_aranges
                0x00000cb0       0x98 .\CortexM3\ARM_GCC_541\Debug\Design01.a(PWM_Arm_Metal.o)
 .debug_aranges
                0x00000d48       0x80 .\CortexM3\ARM_GCC_541\Debug\Design01.a(return_back_isr.o)
 .debug_aranges
                0x00000dc8       0x80 .\CortexM3\ARM_GCC_541\Debug\Design01.a(rgb_isr.o)
 .debug_aranges
                0x00000e48       0xf0 .\CortexM3\ARM_GCC_541\Debug\Design01.a(UART.o)
 .debug_aranges
                0x00000f38       0x70 .\CortexM3\ARM_GCC_541\Debug\Design01.a(UART_IntClock.o)
 .debug_aranges
                0x00000fa8       0x80 .\CortexM3\ARM_GCC_541\Debug\Design01.a(zone7_isr.o)
 .debug_aranges
                0x00001028       0x80 .\CortexM3\ARM_GCC_541\Debug\Design01.a(zone5_isr.o)
 .debug_aranges
                0x000010a8       0x80 .\CortexM3\ARM_GCC_541\Debug\Design01.a(zone8_isr.o)
 .debug_aranges
                0x00001128       0x80 .\CortexM3\ARM_GCC_541\Debug\Design01.a(zone6_isr.o)
 .debug_aranges
                0x000011a8       0x28 .\CortexM3\ARM_GCC_541\Debug\Design01.a(Base_State_Reg.o)
 .debug_aranges
                0x000011d0       0x80 .\CortexM3\ARM_GCC_541\Debug\Design01.a(trigger_isr.o)
 .debug_aranges
                0x00001250       0x90 .\CortexM3\ARM_GCC_541\Debug\Design01.a(Trigger_Timer.o)
 .debug_aranges
                0x000012e0       0x98 .\CortexM3\ARM_GCC_541\Debug\Design01.a(Measure_Timer.o)
 .debug_aranges
                0x00001378       0x38 .\CortexM3\ARM_GCC_541\Debug\Design01.a(Trigger_2.o)
 .debug_aranges
                0x000013b0       0x80 .\CortexM3\ARM_GCC_541\Debug\Design01.a(measure_isr.o)
 .debug_aranges
                0x00001430       0x38 .\CortexM3\ARM_GCC_541\Debug\Design01.a(Limit_Switch_R.o)
 .debug_aranges
                0x00001468       0x38 .\CortexM3\ARM_GCC_541\Debug\Design01.a(Limit_Switch_L.o)
 .debug_aranges
                0x000014a0       0x28 .\CortexM3\ARM_GCC_541\Debug\Design01.a(Echo_Control.o)
 .debug_aranges
                0x000014c8       0x28 .\CortexM3\ARM_GCC_541\Debug\Design01.a(Trig_Control.o)
 .debug_aranges
                0x000014f0       0x28 .\CortexM3\ARM_GCC_541\Debug\Design01.a(Zones_Reg.o)
 .debug_aranges
                0x00001518       0x20 .\CortexM3\ARM_GCC_541\Debug\Design01.a(CyBootAsmGnu.o)
 .debug_aranges
                0x00001538       0x88 .\CortexM3\ARM_GCC_541\Debug\Design01.a(CyFlash.o)
 .debug_aranges
                0x000015c0       0x80 .\CortexM3\ARM_GCC_541\Debug\Design01.a(CySpc.o)
 .debug_aranges
                0x00001640       0x20 .\CortexM3\ARM_GCC_541\Debug\Design01.a(cyutils.o)

.debug_pubnames
 *(.debug_pubnames)

.debug_info     0x00000000     0xb39e
 *(.debug_info .gnu.linkonce.wi.*)
 .debug_info    0x00000000     0x22b4 .\CortexM3\ARM_GCC_541\Debug\main.o
 .debug_info    0x000022b4      0x628 .\CortexM3\ARM_GCC_541\Debug\cyfitter_cfg.o
 .debug_info    0x000028dc      0x139 .\CortexM3\ARM_GCC_541\Debug\cymetadata.o
 .debug_info    0x00002a15      0x3bb .\CortexM3\ARM_GCC_541\Debug\Cm3Start.o
 .debug_info    0x00002dd0      0x11f .\CortexM3\ARM_GCC_541\Debug\Design01.a(MOTOR_1_IN_1.o)
 .debug_info    0x00002eef      0x11f .\CortexM3\ARM_GCC_541\Debug\Design01.a(MOTOR_1_IN_2.o)
 .debug_info    0x0000300e     0x1374 .\CortexM3\ARM_GCC_541\Debug\Design01.a(CyLib.o)
 .debug_info    0x00004382      0xa2a .\CortexM3\ARM_GCC_541\Debug\Design01.a(cyPm.o)
 .debug_info    0x00004dac      0x11f .\CortexM3\ARM_GCC_541\Debug\Design01.a(MOTOR_2_IN_4.o)
 .debug_info    0x00004ecb      0x11f .\CortexM3\ARM_GCC_541\Debug\Design01.a(MOTOR_2_IN_3.o)
 .debug_info    0x00004fea      0x11f .\CortexM3\ARM_GCC_541\Debug\Design01.a(Trigger_1.o)
 .debug_info    0x00005109      0x11f .\CortexM3\ARM_GCC_541\Debug\Design01.a(Btn_Start.o)
 .debug_info    0x00005228      0x11f .\CortexM3\ARM_GCC_541\Debug\Design01.a(IR_Sensor.o)
 .debug_info    0x00005347      0x2d2 .\CortexM3\ARM_GCC_541\Debug\Design01.a(idle_isr.o)
 .debug_info    0x00005619      0x354 .\CortexM3\ARM_GCC_541\Debug\Design01.a(PWM_RGB.o)
 .debug_info    0x0000596d      0x344 .\CortexM3\ARM_GCC_541\Debug\Design01.a(Counter_RGB.o)
 .debug_info    0x00005cb1       0xd6 .\CortexM3\ARM_GCC_541\Debug\Design01.a(Control_Reg_RGB.o)
 .debug_info    0x00005d87      0x11f .\CortexM3\ARM_GCC_541\Debug\Design01.a(S0.o)
 .debug_info    0x00005ea6      0x11f .\CortexM3\ARM_GCC_541\Debug\Design01.a(S1.o)
 .debug_info    0x00005fc5      0x11f .\CortexM3\ARM_GCC_541\Debug\Design01.a(S2.o)
 .debug_info    0x000060e4      0x11f .\CortexM3\ARM_GCC_541\Debug\Design01.a(S3.o)
 .debug_info    0x00006203      0x11f .\CortexM3\ARM_GCC_541\Debug\Design01.a(LED.o)
 .debug_info    0x00006322      0x11f .\CortexM3\ARM_GCC_541\Debug\Design01.a(LED_Pin.o)
 .debug_info    0x00006441      0x281 .\CortexM3\ARM_GCC_541\Debug\Design01.a(PWM_Motor_1.o)
 .debug_info    0x000066c2      0x2d4 .\CortexM3\ARM_GCC_541\Debug\Design01.a(QuadDec_Motor_1.o)
 .debug_info    0x00006996      0x281 .\CortexM3\ARM_GCC_541\Debug\Design01.a(PWM_Motor_2.o)
 .debug_info    0x00006c17      0x2d4 .\CortexM3\ARM_GCC_541\Debug\Design01.a(QuadDec_Motor_2.o)
 .debug_info    0x00006eeb      0x17f .\CortexM3\ARM_GCC_541\Debug\Design01.a(Status_Reg_Arm.o)
 .debug_info    0x0000706a      0x348 .\CortexM3\ARM_GCC_541\Debug\Design01.a(QuadDec_Motor_1_Cnt16.o)
 .debug_info    0x000073b2      0x348 .\CortexM3\ARM_GCC_541\Debug\Design01.a(QuadDec_Motor_2_Cnt16.o)
 .debug_info    0x000076fa      0x354 .\CortexM3\ARM_GCC_541\Debug\Design01.a(PWM_Arm_Metal.o)
 .debug_info    0x00007a4e      0x2d2 .\CortexM3\ARM_GCC_541\Debug\Design01.a(return_back_isr.o)
 .debug_info    0x00007d20      0x2d2 .\CortexM3\ARM_GCC_541\Debug\Design01.a(rgb_isr.o)
 .debug_info    0x00007ff2      0x60c .\CortexM3\ARM_GCC_541\Debug\Design01.a(UART.o)
 .debug_info    0x000085fe      0x283 .\CortexM3\ARM_GCC_541\Debug\Design01.a(UART_IntClock.o)
 .debug_info    0x00008881      0x2d2 .\CortexM3\ARM_GCC_541\Debug\Design01.a(zone7_isr.o)
 .debug_info    0x00008b53      0x2d2 .\CortexM3\ARM_GCC_541\Debug\Design01.a(zone5_isr.o)
 .debug_info    0x00008e25      0x2d2 .\CortexM3\ARM_GCC_541\Debug\Design01.a(zone8_isr.o)
 .debug_info    0x000090f7      0x2d2 .\CortexM3\ARM_GCC_541\Debug\Design01.a(zone6_isr.o)
 .debug_info    0x000093c9       0xd6 .\CortexM3\ARM_GCC_541\Debug\Design01.a(Base_State_Reg.o)
 .debug_info    0x0000949f      0x2d2 .\CortexM3\ARM_GCC_541\Debug\Design01.a(trigger_isr.o)
 .debug_info    0x00009771      0x332 .\CortexM3\ARM_GCC_541\Debug\Design01.a(Trigger_Timer.o)
 .debug_info    0x00009aa3      0x328 .\CortexM3\ARM_GCC_541\Debug\Design01.a(Measure_Timer.o)
 .debug_info    0x00009dcb      0x11f .\CortexM3\ARM_GCC_541\Debug\Design01.a(Trigger_2.o)
 .debug_info    0x00009eea      0x2d2 .\CortexM3\ARM_GCC_541\Debug\Design01.a(measure_isr.o)
 .debug_info    0x0000a1bc      0x11f .\CortexM3\ARM_GCC_541\Debug\Design01.a(Limit_Switch_R.o)
 .debug_info    0x0000a2db      0x11f .\CortexM3\ARM_GCC_541\Debug\Design01.a(Limit_Switch_L.o)
 .debug_info    0x0000a3fa       0xd6 .\CortexM3\ARM_GCC_541\Debug\Design01.a(Echo_Control.o)
 .debug_info    0x0000a4d0       0xd6 .\CortexM3\ARM_GCC_541\Debug\Design01.a(Trig_Control.o)
 .debug_info    0x0000a5a6       0xd6 .\CortexM3\ARM_GCC_541\Debug\Design01.a(Zones_Reg.o)
 .debug_info    0x0000a67c       0x97 .\CortexM3\ARM_GCC_541\Debug\Design01.a(CyBootAsmGnu.o)
 .debug_info    0x0000a713      0x64d .\CortexM3\ARM_GCC_541\Debug\Design01.a(CyFlash.o)
 .debug_info    0x0000ad60      0x550 .\CortexM3\ARM_GCC_541\Debug\Design01.a(CySpc.o)
 .debug_info    0x0000b2b0       0xee .\CortexM3\ARM_GCC_541\Debug\Design01.a(cyutils.o)

.debug_abbrev   0x00000000     0x378e
 *(.debug_abbrev)
 .debug_abbrev  0x00000000      0x230 .\CortexM3\ARM_GCC_541\Debug\main.o
 .debug_abbrev  0x00000230      0x20d .\CortexM3\ARM_GCC_541\Debug\cyfitter_cfg.o
 .debug_abbrev  0x0000043d       0x77 .\CortexM3\ARM_GCC_541\Debug\cymetadata.o
 .debug_abbrev  0x000004b4      0x1e8 .\CortexM3\ARM_GCC_541\Debug\Cm3Start.o
 .debug_abbrev  0x0000069c       0x90 .\CortexM3\ARM_GCC_541\Debug\Design01.a(MOTOR_1_IN_1.o)
 .debug_abbrev  0x0000072c       0x90 .\CortexM3\ARM_GCC_541\Debug\Design01.a(MOTOR_1_IN_2.o)
 .debug_abbrev  0x000007bc      0x254 .\CortexM3\ARM_GCC_541\Debug\Design01.a(CyLib.o)
 .debug_abbrev  0x00000a10      0x1ab .\CortexM3\ARM_GCC_541\Debug\Design01.a(cyPm.o)
 .debug_abbrev  0x00000bbb       0x90 .\CortexM3\ARM_GCC_541\Debug\Design01.a(MOTOR_2_IN_4.o)
 .debug_abbrev  0x00000c4b       0x90 .\CortexM3\ARM_GCC_541\Debug\Design01.a(MOTOR_2_IN_3.o)
 .debug_abbrev  0x00000cdb       0x90 .\CortexM3\ARM_GCC_541\Debug\Design01.a(Trigger_1.o)
 .debug_abbrev  0x00000d6b       0x90 .\CortexM3\ARM_GCC_541\Debug\Design01.a(Btn_Start.o)
 .debug_abbrev  0x00000dfb       0x90 .\CortexM3\ARM_GCC_541\Debug\Design01.a(IR_Sensor.o)
 .debug_abbrev  0x00000e8b      0x173 .\CortexM3\ARM_GCC_541\Debug\Design01.a(idle_isr.o)
 .debug_abbrev  0x00000ffe      0x133 .\CortexM3\ARM_GCC_541\Debug\Design01.a(PWM_RGB.o)
 .debug_abbrev  0x00001131      0x117 .\CortexM3\ARM_GCC_541\Debug\Design01.a(Counter_RGB.o)
 .debug_abbrev  0x00001248       0x81 .\CortexM3\ARM_GCC_541\Debug\Design01.a(Control_Reg_RGB.o)
 .debug_abbrev  0x000012c9       0x90 .\CortexM3\ARM_GCC_541\Debug\Design01.a(S0.o)
 .debug_abbrev  0x00001359       0x90 .\CortexM3\ARM_GCC_541\Debug\Design01.a(S1.o)
 .debug_abbrev  0x000013e9       0x90 .\CortexM3\ARM_GCC_541\Debug\Design01.a(S2.o)
 .debug_abbrev  0x00001479       0x90 .\CortexM3\ARM_GCC_541\Debug\Design01.a(S3.o)
 .debug_abbrev  0x00001509       0x90 .\CortexM3\ARM_GCC_541\Debug\Design01.a(LED.o)
 .debug_abbrev  0x00001599       0x90 .\CortexM3\ARM_GCC_541\Debug\Design01.a(LED_Pin.o)
 .debug_abbrev  0x00001629      0x12d .\CortexM3\ARM_GCC_541\Debug\Design01.a(PWM_Motor_1.o)
 .debug_abbrev  0x00001756      0x151 .\CortexM3\ARM_GCC_541\Debug\Design01.a(QuadDec_Motor_1.o)
 .debug_abbrev  0x000018a7      0x12d .\CortexM3\ARM_GCC_541\Debug\Design01.a(PWM_Motor_2.o)
 .debug_abbrev  0x000019d4      0x151 .\CortexM3\ARM_GCC_541\Debug\Design01.a(QuadDec_Motor_2.o)
 .debug_abbrev  0x00001b25       0xac .\CortexM3\ARM_GCC_541\Debug\Design01.a(Status_Reg_Arm.o)
 .debug_abbrev  0x00001bd1      0x117 .\CortexM3\ARM_GCC_541\Debug\Design01.a(QuadDec_Motor_1_Cnt16.o)
 .debug_abbrev  0x00001ce8      0x117 .\CortexM3\ARM_GCC_541\Debug\Design01.a(QuadDec_Motor_2_Cnt16.o)
 .debug_abbrev  0x00001dff      0x133 .\CortexM3\ARM_GCC_541\Debug\Design01.a(PWM_Arm_Metal.o)
 .debug_abbrev  0x00001f32      0x173 .\CortexM3\ARM_GCC_541\Debug\Design01.a(return_back_isr.o)
 .debug_abbrev  0x000020a5      0x173 .\CortexM3\ARM_GCC_541\Debug\Design01.a(rgb_isr.o)
 .debug_abbrev  0x00002218      0x175 .\CortexM3\ARM_GCC_541\Debug\Design01.a(UART.o)
 .debug_abbrev  0x0000238d      0x139 .\CortexM3\ARM_GCC_541\Debug\Design01.a(UART_IntClock.o)
 .debug_abbrev  0x000024c6      0x173 .\CortexM3\ARM_GCC_541\Debug\Design01.a(zone7_isr.o)
 .debug_abbrev  0x00002639      0x173 .\CortexM3\ARM_GCC_541\Debug\Design01.a(zone5_isr.o)
 .debug_abbrev  0x000027ac      0x173 .\CortexM3\ARM_GCC_541\Debug\Design01.a(zone8_isr.o)
 .debug_abbrev  0x0000291f      0x173 .\CortexM3\ARM_GCC_541\Debug\Design01.a(zone6_isr.o)
 .debug_abbrev  0x00002a92       0x81 .\CortexM3\ARM_GCC_541\Debug\Design01.a(Base_State_Reg.o)
 .debug_abbrev  0x00002b13      0x173 .\CortexM3\ARM_GCC_541\Debug\Design01.a(trigger_isr.o)
 .debug_abbrev  0x00002c86      0x14b .\CortexM3\ARM_GCC_541\Debug\Design01.a(Trigger_Timer.o)
 .debug_abbrev  0x00002dd1      0x13a .\CortexM3\ARM_GCC_541\Debug\Design01.a(Measure_Timer.o)
 .debug_abbrev  0x00002f0b       0x90 .\CortexM3\ARM_GCC_541\Debug\Design01.a(Trigger_2.o)
 .debug_abbrev  0x00002f9b      0x173 .\CortexM3\ARM_GCC_541\Debug\Design01.a(measure_isr.o)
 .debug_abbrev  0x0000310e       0x90 .\CortexM3\ARM_GCC_541\Debug\Design01.a(Limit_Switch_R.o)
 .debug_abbrev  0x0000319e       0x90 .\CortexM3\ARM_GCC_541\Debug\Design01.a(Limit_Switch_L.o)
 .debug_abbrev  0x0000322e       0x81 .\CortexM3\ARM_GCC_541\Debug\Design01.a(Echo_Control.o)
 .debug_abbrev  0x000032af       0x81 .\CortexM3\ARM_GCC_541\Debug\Design01.a(Trig_Control.o)
 .debug_abbrev  0x00003330       0x81 .\CortexM3\ARM_GCC_541\Debug\Design01.a(Zones_Reg.o)
 .debug_abbrev  0x000033b1       0x14 .\CortexM3\ARM_GCC_541\Debug\Design01.a(CyBootAsmGnu.o)
 .debug_abbrev  0x000033c5      0x1a7 .\CortexM3\ARM_GCC_541\Debug\Design01.a(CyFlash.o)
 .debug_abbrev  0x0000356c      0x194 .\CortexM3\ARM_GCC_541\Debug\Design01.a(CySpc.o)
 .debug_abbrev  0x00003700       0x8e .\CortexM3\ARM_GCC_541\Debug\Design01.a(cyutils.o)

.debug_line     0x00000000     0x4946
 *(.debug_line)
 .debug_line    0x00000000      0x831 .\CortexM3\ARM_GCC_541\Debug\main.o
 .debug_line    0x00000831      0x1f1 .\CortexM3\ARM_GCC_541\Debug\cyfitter_cfg.o
 .debug_line    0x00000a22      0x141 .\CortexM3\ARM_GCC_541\Debug\cymetadata.o
 .debug_line    0x00000b63      0x216 .\CortexM3\ARM_GCC_541\Debug\Cm3Start.o
 .debug_line    0x00000d79       0x99 .\CortexM3\ARM_GCC_541\Debug\Design01.a(MOTOR_1_IN_1.o)
 .debug_line    0x00000e12       0x99 .\CortexM3\ARM_GCC_541\Debug\Design01.a(MOTOR_1_IN_2.o)
 .debug_line    0x00000eab      0x816 .\CortexM3\ARM_GCC_541\Debug\Design01.a(CyLib.o)
 .debug_line    0x000016c1      0x367 .\CortexM3\ARM_GCC_541\Debug\Design01.a(cyPm.o)
 .debug_line    0x00001a28       0x99 .\CortexM3\ARM_GCC_541\Debug\Design01.a(MOTOR_2_IN_4.o)
 .debug_line    0x00001ac1       0x99 .\CortexM3\ARM_GCC_541\Debug\Design01.a(MOTOR_2_IN_3.o)
 .debug_line    0x00001b5a       0x96 .\CortexM3\ARM_GCC_541\Debug\Design01.a(Trigger_1.o)
 .debug_line    0x00001bf0       0x96 .\CortexM3\ARM_GCC_541\Debug\Design01.a(Btn_Start.o)
 .debug_line    0x00001c86       0x96 .\CortexM3\ARM_GCC_541\Debug\Design01.a(IR_Sensor.o)
 .debug_line    0x00001d1c      0x135 .\CortexM3\ARM_GCC_541\Debug\Design01.a(idle_isr.o)
 .debug_line    0x00001e51      0x18a .\CortexM3\ARM_GCC_541\Debug\Design01.a(PWM_RGB.o)
 .debug_line    0x00001fdb      0x18d .\CortexM3\ARM_GCC_541\Debug\Design01.a(Counter_RGB.o)
 .debug_line    0x00002168       0x77 .\CortexM3\ARM_GCC_541\Debug\Design01.a(Control_Reg_RGB.o)
 .debug_line    0x000021df       0x8f .\CortexM3\ARM_GCC_541\Debug\Design01.a(S0.o)
 .debug_line    0x0000226e       0x8f .\CortexM3\ARM_GCC_541\Debug\Design01.a(S1.o)
 .debug_line    0x000022fd       0x8f .\CortexM3\ARM_GCC_541\Debug\Design01.a(S2.o)
 .debug_line    0x0000238c       0x8f .\CortexM3\ARM_GCC_541\Debug\Design01.a(S3.o)
 .debug_line    0x0000241b       0x90 .\CortexM3\ARM_GCC_541\Debug\Design01.a(LED.o)
 .debug_line    0x000024ab       0x94 .\CortexM3\ARM_GCC_541\Debug\Design01.a(LED_Pin.o)
 .debug_line    0x0000253f      0x139 .\CortexM3\ARM_GCC_541\Debug\Design01.a(PWM_Motor_1.o)
 .debug_line    0x00002678      0x12a .\CortexM3\ARM_GCC_541\Debug\Design01.a(QuadDec_Motor_1.o)
 .debug_line    0x000027a2      0x139 .\CortexM3\ARM_GCC_541\Debug\Design01.a(PWM_Motor_2.o)
 .debug_line    0x000028db      0x12a .\CortexM3\ARM_GCC_541\Debug\Design01.a(QuadDec_Motor_2.o)
 .debug_line    0x00002a05       0xba .\CortexM3\ARM_GCC_541\Debug\Design01.a(Status_Reg_Arm.o)
 .debug_line    0x00002abf      0x195 .\CortexM3\ARM_GCC_541\Debug\Design01.a(QuadDec_Motor_1_Cnt16.o)
 .debug_line    0x00002c54      0x195 .\CortexM3\ARM_GCC_541\Debug\Design01.a(QuadDec_Motor_2_Cnt16.o)
 .debug_line    0x00002de9      0x190 .\CortexM3\ARM_GCC_541\Debug\Design01.a(PWM_Arm_Metal.o)
 .debug_line    0x00002f79      0x13c .\CortexM3\ARM_GCC_541\Debug\Design01.a(return_back_isr.o)
 .debug_line    0x000030b5      0x134 .\CortexM3\ARM_GCC_541\Debug\Design01.a(rgb_isr.o)
 .debug_line    0x000031e9      0x2bc .\CortexM3\ARM_GCC_541\Debug\Design01.a(UART.o)
 .debug_line    0x000034a5      0x17c .\CortexM3\ARM_GCC_541\Debug\Design01.a(UART_IntClock.o)
 .debug_line    0x00003621      0x136 .\CortexM3\ARM_GCC_541\Debug\Design01.a(zone7_isr.o)
 .debug_line    0x00003757      0x136 .\CortexM3\ARM_GCC_541\Debug\Design01.a(zone5_isr.o)
 .debug_line    0x0000388d      0x136 .\CortexM3\ARM_GCC_541\Debug\Design01.a(zone8_isr.o)
 .debug_line    0x000039c3      0x136 .\CortexM3\ARM_GCC_541\Debug\Design01.a(zone6_isr.o)
 .debug_line    0x00003af9       0x76 .\CortexM3\ARM_GCC_541\Debug\Design01.a(Base_State_Reg.o)
 .debug_line    0x00003b6f      0x138 .\CortexM3\ARM_GCC_541\Debug\Design01.a(trigger_isr.o)
 .debug_line    0x00003ca7      0x178 .\CortexM3\ARM_GCC_541\Debug\Design01.a(Trigger_Timer.o)
 .debug_line    0x00003e1f      0x18a .\CortexM3\ARM_GCC_541\Debug\Design01.a(Measure_Timer.o)
 .debug_line    0x00003fa9       0x96 .\CortexM3\ARM_GCC_541\Debug\Design01.a(Trigger_2.o)
 .debug_line    0x0000403f      0x138 .\CortexM3\ARM_GCC_541\Debug\Design01.a(measure_isr.o)
 .debug_line    0x00004177       0x9b .\CortexM3\ARM_GCC_541\Debug\Design01.a(Limit_Switch_R.o)
 .debug_line    0x00004212       0x9b .\CortexM3\ARM_GCC_541\Debug\Design01.a(Limit_Switch_L.o)